build time -- 2022-02-27 05:55:32
[1645941799.690150] [h21c17:223493:0]         mxm.c:196  MXM  WARN  The 'ulimit -s' on the system is set to 'unlimited'. This may have negative performance implications. Please set the stack size to the default value (10240) 
[1645941799.695258] [h21c17:223493:0]         mxm.c:196  MXM  WARN  The 'ulimit -s' on the system is set to 'unlimited'. This may have negative performance implications. Please set the stack size to the default value (10240) 
[1645941799.683810] [h21c17:223490:0]         mxm.c:196  MXM  WARN  The 'ulimit -s' on the system is set to 'unlimited'. This may have negative performance implications. Please set the stack size to the default value (10240) 
[1645941799.688586] [h21c17:223490:0]         mxm.c:196  MXM  WARN  The 'ulimit -s' on the system is set to 'unlimited'. This may have negative performance implications. Please set the stack size to the default value (10240) 
[1645941799.690194] [h21c17:223491:0]         mxm.c:196  MXM  WARN  The 'ulimit -s' on the system is set to 'unlimited'. This may have negative performance implications. Please set the stack size to the default value (10240) 
[1645941799.695336] [h21c17:223491:0]         mxm.c:196  MXM  WARN  The 'ulimit -s' on the system is set to 'unlimited'. This may have negative performance implications. Please set the stack size to the default value (10240) 
[1645941799.682765] [h21c17:223492:0]         mxm.c:196  MXM  WARN  The 'ulimit -s' on the system is set to 'unlimited'. This may have negative performance implications. Please set the stack size to the default value (10240) 
[1645941799.687607] [h21c17:223492:0]         mxm.c:196  MXM  WARN  The 'ulimit -s' on the system is set to 'unlimited'. This may have negative performance implications. Please set the stack size to the default value (10240) 
  Beginning Test, file ESMF_InfoArrayUTest.F90, line 72
  NUMBER_OF_PROCESSORS           4
  Beginning Test, file ESMF_InfoArrayUTest.F90, line 72
  NUMBER_OF_PROCESSORS           4
  Beginning Test, file ESMF_InfoArrayUTest.F90, line 72
  NUMBER_OF_PROCESSORS           4
  Beginning Test, file ESMF_InfoArrayUTest.F90, line 72
  NUMBER_OF_PROCESSORS           4
  PASS  ESMF_Info Array Setting/Getting R4, ESMF_InfoArrayUTest.F90, line 104
  PASS  ESMF_Info Array Setting/Getting R4, ESMF_InfoArrayUTest.F90, line 104
  PASS  ESMF_Info Array Setting/Getting R4, ESMF_InfoArrayUTest.F90, line 104
  PASS  ESMF_Info Array Setting/Getting R8, ESMF_InfoArrayUTest.F90, line 131
  PASS  ESMF_Info Array Setting/Getting R8, ESMF_InfoArrayUTest.F90, line 131
  PASS  ESMF_Info Array Setting/Getting R8, ESMF_InfoArrayUTest.F90, line 131
  PASS  ESMF_Info Array Setting/Getting I4, ESMF_InfoArrayUTest.F90, line 158
  PASS  ESMF_Info Array Setting/Getting I8, ESMF_InfoArrayUTest.F90, line 185
  PASS  ESMF_Info Array Setting/Getting Index R4, ESMF_InfoArrayUTest.F90, line 204
  PASS  ESMF_Info Array Setting/Getting I4, ESMF_InfoArrayUTest.F90, line 158
  PASS  ESMF_Info Array Setting/Getting I8, ESMF_InfoArrayUTest.F90, line 185
  PASS  ESMF_Info Array Setting/Getting Index R4, ESMF_InfoArrayUTest.F90, line 204
  PASS  ESMF_Info Array Setting/Getting I4, ESMF_InfoArrayUTest.F90, line 158
  PASS  ESMF_Info Array Setting/Getting I8, ESMF_InfoArrayUTest.F90, line 185
  PASS  ESMF_Info Array Setting/Getting Index R4, ESMF_InfoArrayUTest.F90, line 204
  PASS  ESMF_Info Array Setting/Getting Index R8, ESMF_InfoArrayUTest.F90, line 223
  PASS  ESMF_Info Array Setting/Getting Index R8, ESMF_InfoArrayUTest.F90, line 223
  PASS  ESMF_Info Array Setting/Getting Index R8, ESMF_InfoArrayUTest.F90, line 223
  PASS  ESMF_Info Array Setting/Getting Index I4, ESMF_InfoArrayUTest.F90, line 242
  PASS  ESMF_Info Array Setting/Getting Index I4, ESMF_InfoArrayUTest.F90, line 242
  PASS  ESMF_Info Array Setting/Getting Index I4, ESMF_InfoArrayUTest.F90, line 242
  PASS  ESMF_Info Array Setting/Getting Index I8, ESMF_InfoArrayUTest.F90, line 261
  PASS  ESMF_Info Array Setting/Getting Index I8, ESMF_InfoArrayUTest.F90, line 261
  PASS  ESMF_Info Array Setting/Getting Index I8, ESMF_InfoArrayUTest.F90, line 261
  PASS  ESMF_Info Array Setting/Getting Logical, ESMF_InfoArrayUTest.F90, line 292
  PASS  ESMF_Info Array Setting/Getting Logical, ESMF_InfoArrayUTest.F90, line 292
  PASS  ESMF_Info Array Setting/Getting Logical, ESMF_InfoArrayUTest.F90, line 292
  PASS  ESMF_Info Array Setting/Getting Character, ESMF_InfoArrayUTest.F90, line 325
  PASS  ESMF_Info Array Setting/Getting Character, ESMF_InfoArrayUTest.F90, line 325
  PASS  ESMF_Info Array Setting/Getting Character, ESMF_InfoArrayUTest.F90, line 325
  PASS  ESMF_Info Array Setting/Getting R4, ESMF_InfoArrayUTest.F90, line 104
  PASS  ESMF_Info Array Setting/Getting R8, ESMF_InfoArrayUTest.F90, line 131
  PASS  ESMF_Info Array Bad Set-By-Index, ESMF_InfoArrayUTest.F90, line 335
  PASS  ESMF_Info Array Bad Set-By-Index, ESMF_InfoArrayUTest.F90, line 335
  PASS  ESMF_Info Array Bad Set-By-Index, ESMF_InfoArrayUTest.F90, line 335
  PASS  ESMF_Info Array Setting/Getting I4, ESMF_InfoArrayUTest.F90, line 158
  PASS  ESMF_Info Array Setting/Getting I8, ESMF_InfoArrayUTest.F90, line 185
  PASS  ESMF_Info Array Setting/Getting Index R4, ESMF_InfoArrayUTest.F90, line 204
  PASS  ESMF_Info Array Setting/Getting Index R8, ESMF_InfoArrayUTest.F90, line 223
  PASS  ESMF_Info Array Bad Set-By-Index Type, ESMF_InfoArrayUTest.F90, line 345
  PASS  ESMF_Info Array Bad Set-By-Index Type, ESMF_InfoArrayUTest.F90, line 345
  PASS  ESMF_Info Array Setting/Getting Index I4, ESMF_InfoArrayUTest.F90, line 242
  PASS  ESMF_Info Array Bad Set-By-Index Type, ESMF_InfoArrayUTest.F90, line 345
  PASS  ESMF_Info Array Setting/Getting Index I8, ESMF_InfoArrayUTest.F90, line 261
  PASS  ESMF_Info Array Setting/Getting Logical, ESMF_InfoArrayUTest.F90, line 292
  PASS  ESMF_Info Array Bad Key Overload Type, ESMF_InfoArrayUTest.F90, line 356
  PASS  ESMF_Info Array Bad Key Overload Type, ESMF_InfoArrayUTest.F90, line 356
  PASS  ESMF_Info Array Bad Key Overload Type, ESMF_InfoArrayUTest.F90, line 356
  PASS  ESMF_Info Array Setting/Getting Character, ESMF_InfoArrayUTest.F90, line 325
  PASS  ESMF_Info Get Array when Storage is Scalar, ESMF_InfoArrayUTest.F90, line 373
  PASS  ESMF_Info Get Array when Storage is Scalar, ESMF_InfoArrayUTest.F90, line 373
  PASS  ESMF_Info Get Array when Storage is Scalar, ESMF_InfoArrayUTest.F90, line 373
  PASS  ESMF_Info Get Array when Storage is Scalar for Character, ESMF_InfoArrayUTest.F90, line 388
  PASS  ESMF_Info Get Array when Storage is Scalar for Character, ESMF_InfoArrayUTest.F90, line 388
  PASS  ESMF_Info Get Array when Storage is Scalar for Character, ESMF_InfoArrayUTest.F90, line 388
  PASS  ESMF_Info Get Array when Storage is NULL, ESMF_InfoArrayUTest.F90, line 403
  PASS  ESMF_Info Get Array when Storage is NULL, ESMF_InfoArrayUTest.F90, line 403
  PASS  ESMF_Info Get Array when Storage is NULL, ESMF_InfoArrayUTest.F90, line 403
  PASS  ESMF_Info Get Array with Scalar Conversion Character, ESMF_InfoArrayUTest.F90, line 419
  PASS  ESMF_Info Get Array with Scalar Conversion Character, ESMF_InfoArrayUTest.F90, line 419
  PASS  ESMF_Info Get Array with Scalar Conversion Character, ESMF_InfoArrayUTest.F90, line 419
  PASS  ESMF_Info Array Bad Set-By-Index, ESMF_InfoArrayUTest.F90, line 335
  PASS  ESMF_Info Get Array with Scalar Conversion Logical, ESMF_InfoArrayUTest.F90, line 435
  PASS  ESMF_Info Get Array with Scalar Conversion Logical, ESMF_InfoArrayUTest.F90, line 435
  PASS  ESMF_Info Get Array with Scalar Conversion Logical, ESMF_InfoArrayUTest.F90, line 435
  Ending Test, file ESMF_InfoArrayUTest.F90, line 443
  Ending Test, file ESMF_InfoArrayUTest.F90, line 443
  Ending Test, file ESMF_InfoArrayUTest.F90, line 443
  PASS  ESMF_Info Array Bad Set-By-Index Type, ESMF_InfoArrayUTest.F90, line 345
  PASS  ESMF_Info Array Bad Key Overload Type, ESMF_InfoArrayUTest.F90, line 356
  PASS  ESMF_Info Get Array when Storage is Scalar, ESMF_InfoArrayUTest.F90, line 373
  PASS  ESMF_Info Get Array when Storage is Scalar for Character, ESMF_InfoArrayUTest.F90, line 388
  PASS  ESMF_Info Get Array when Storage is NULL, ESMF_InfoArrayUTest.F90, line 403
  PASS  ESMF_Info Get Array with Scalar Conversion Character, ESMF_InfoArrayUTest.F90, line 419
  PASS  ESMF_Info Get Array with Scalar Conversion Logical, ESMF_InfoArrayUTest.F90, line 435
  Ending Test, file ESMF_InfoArrayUTest.F90, line 443
  PET           2  Test Elapsed Time    21.057999999999964       msec.
  PET           0  Test Elapsed Time    17.516000000000030       msec.
  PET           3  Test Elapsed Time    21.820999999999980       msec.
  PET           1  Test Elapsed Time    20.718000000000014       msec.
