build time -- 2021-10-29 15:27:51
forrtl: severe (174): SIGSEGV, segmentation fault occurred
Image              PC                Routine            Line        Source             
ESMF_TimeUTest     0000000103F6C9A4  Unknown               Unknown  Unknown
libsystem_platfor  00007FFF666F8B5D  Unknown               Unknown  Unknown
libmpi.40.dylib    00000001086E02A1  Unknown               Unknown  Unknown
libesmf.dylib      0000000104DAE2F0  Unknown               Unknown  Unknown
libesmf.dylib      0000000104D8CE91  Unknown               Unknown  Unknown
libesmf.dylib      0000000104DDF8D0  Unknown               Unknown  Unknown
libesmf.dylib      0000000105FC2D76  Unknown               Unknown  Unknown
libesmf.dylib      0000000105BCF67A  Unknown               Unknown  Unknown
libesmf.dylib      0000000105BCE98B  Unknown               Unknown  Unknown
libesmf.dylib      0000000105EFB7B1  Unknown               Unknown  Unknown
ESMF_TimeUTest     0000000103F35F0B  _MAIN__                    96  ESMF_TimeUTest.F90
ESMF_TimeUTest     0000000103F35B1E  Unknown               Unknown  Unknown
forrtl: severe (174): SIGSEGV, segmentation fault occurred
Image              PC                Routine            Line        Source             
ESMF_TimeUTest     000000010DD0B9A4  Unknown               Unknown  Unknown
libsystem_platfor  00007FFF666F8B5D  Unknown               Unknown  Unknown
libmpi.40.dylib    00000001124822A1  Unknown               Unknown  Unknown
libesmf.dylib      000000010EB532F0  Unknown               Unknown  Unknown
libesmf.dylib      000000010EB31E91  Unknown               Unknown  Unknown
libesmf.dylib      000000010EB848D0  Unknown               Unknown  Unknown
libesmf.dylib      000000010FD67D76  Unknown               Unknown  Unknown
libesmf.dylib      000000010F97467A  Unknown               Unknown  Unknown
libesmf.dylib      000000010F97398B  Unknown               Unknown  Unknown
libesmf.dylib      000000010FCA07B1  Unknown               Unknown  Unknown
ESMF_TimeUTest     000000010DCD4F0B  _MAIN__                    96  ESMF_TimeUTest.F90
ESMF_TimeUTest     000000010DCD4B1E  Unknown               Unknown  Unknown
forrtl: severe (174): SIGSEGV, segmentation fault occurred
Image              PC                Routine            Line        Source             
ESMF_TimeUTest     0000000107D159A4  Unknown               Unknown  Unknown
libsystem_platfor  00007FFF666F8B5D  Unknown               Unknown  Unknown
libmpi.40.dylib    00000001081122A1  Unknown               Unknown  Unknown
libesmf.dylib      00000001097302F0  Unknown               Unknown  Unknown
libesmf.dylib      000000010970EE91  Unknown               Unknown  Unknown
libesmf.dylib      00000001097618D0  Unknown               Unknown  Unknown
libesmf.dylib      000000010A944D76  Unknown               Unknown  Unknown
libesmf.dylib      000000010A55167A  Unknown               Unknown  Unknown
libesmf.dylib      000000010A55098B  Unknown               Unknown  Unknown
libesmf.dylib      000000010A87D7B1  Unknown               Unknown  Unknown
ESMF_TimeUTest     0000000107CDEF0B  _MAIN__                    96  ESMF_TimeUTest.F90
ESMF_TimeUTest     0000000107CDEB1E  Unknown               Unknown  Unknown
forrtl: severe (174): SIGSEGV, segmentation fault occurred
Image              PC                Routine            Line        Source             
ESMF_TimeUTest     000000010B55B9A4  Unknown               Unknown  Unknown
libsystem_platfor  00007FFF666F8B5D  Unknown               Unknown  Unknown
libmpi.40.dylib    000000010B9582A1  Unknown               Unknown  Unknown
libesmf.dylib      000000010CABD2F0  Unknown               Unknown  Unknown
libesmf.dylib      000000010CA9BE91  Unknown               Unknown  Unknown
libesmf.dylib      000000010CAEE8D0  Unknown               Unknown  Unknown
libesmf.dylib      000000010DCD1D76  Unknown               Unknown  Unknown
libesmf.dylib      000000010D8DE67A  Unknown               Unknown  Unknown
libesmf.dylib      000000010D8DD98B  Unknown               Unknown  Unknown
libesmf.dylib      000000010DC0A7B1  Unknown               Unknown  Unknown
ESMF_TimeUTest     000000010B524F0B  _MAIN__                    96  ESMF_TimeUTest.F90
ESMF_TimeUTest     000000010B524B1E  Unknown               Unknown  Unknown
