build time -- 2021-10-15 02:52:12.938141
Beginning Test, file ESMC_MeshVTKUTest.C, line 63
NUMBER_OF_PROCESSORS 6
PASS MeshCreate, ESMC_MeshVTKUTest.C, line 80
PASS MeshVTKHeader, ESMC_MeshVTKUTest.C, line 89
PASS MeshVTKHeader, ESMC_MeshVTKUTest.C, line 110
PASS MeshVTKBody, ESMC_MeshVTKUTest.C, line 129
PASS MeshAddNodes, ESMC_MeshVTKUTest.C, line 158
PASS MeshGetLocalNodeCount, ESMC_MeshVTKUTest.C, line 178
Beginning Test, file ESMC_MeshVTKUTest.C, line 63
NUMBER_OF_PROCESSORS 6
PASS MeshCreate, ESMC_MeshVTKUTest.C, line 80
PASS MeshVTKHeader, ESMC_MeshVTKUTest.C, line 89
PASS MeshVTKHeader, ESMC_MeshVTKUTest.C, line 110
PASS MeshVTKBody, ESMC_MeshVTKUTest.C, line 129
PASS MeshAddNodes, ESMC_MeshVTKUTest.C, line 158
PASS MeshGetLocalNodeCount, ESMC_MeshVTKUTest.C, line 178
Beginning Test, file ESMC_MeshVTKUTest.C, line 63
NUMBER_OF_PROCESSORS 6
PASS MeshCreate, ESMC_MeshVTKUTest.C, line 80
PASS MeshVTKHeader, ESMC_MeshVTKUTest.C, line 89
PASS MeshVTKHeader, ESMC_MeshVTKUTest.C, line 110
PASS MeshVTKBody, ESMC_MeshVTKUTest.C, line 129
PASS MeshAddNodes, ESMC_MeshVTKUTest.C, line 158
PASS MeshGetLocalNodeCount, ESMC_MeshVTKUTest.C, line 178
Beginning Test, file ESMC_MeshVTKUTest.C, line 63
NUMBER_OF_PROCESSORS 6
PASS MeshCreate, ESMC_MeshVTKUTest.C, line 80
PASS MeshVTKHeader, ESMC_MeshVTKUTest.C, line 89
PASS MeshVTKHeader, ESMC_MeshVTKUTest.C, line 110
PASS MeshVTKBody, ESMC_MeshVTKUTest.C, line 129
PASS MeshAddNodes, ESMC_MeshVTKUTest.C, line 158
PASS MeshGetLocalNodeCount, ESMC_MeshVTKUTest.C, line 178
Beginning Test, file ESMC_MeshVTKUTest.C, line 63
NUMBER_OF_PROCESSORS 6
PASS MeshCreate, ESMC_MeshVTKUTest.C, line 80
PASS MeshVTKHeader, ESMC_MeshVTKUTest.C, line 89
PASS MeshVTKHeader, ESMC_MeshVTKUTest.C, line 110
PASS MeshVTKBody, ESMC_MeshVTKUTest.C, line 129
PASS MeshAddNodes, ESMC_MeshVTKUTest.C, line 158
PASS MeshGetLocalNodeCount, ESMC_MeshVTKUTest.C, line 178
Beginning Test, file ESMC_MeshVTKUTest.C, line 63
NUMBER_OF_PROCESSORS 6
PASS MeshCreate, ESMC_MeshVTKUTest.C, line 80
PASS MeshVTKHeader, ESMC_MeshVTKUTest.C, line 89
PASS MeshVTKHeader, ESMC_MeshVTKUTest.C, line 110
PASS MeshVTKBody, ESMC_MeshVTKUTest.C, line 129
PASS MeshAddNodes, ESMC_MeshVTKUTest.C, line 158
PASS MeshGetLocalNodeCount, ESMC_MeshVTKUTest.C, line 178
PASS MeshAddElements, ESMC_MeshVTKUTest.C, line 187
PASS MeshGetLocalElementCount, ESMC_MeshVTKUTest.C, line 207
PASS MeshGetOwnedElementCount, ESMC_MeshVTKUTest.C, line 228
PASS MeshGetOwnedNodeCount, ESMC_MeshVTKUTest.C, line 249
PASS MeshAddElements, ESMC_MeshVTKUTest.C, line 187
PASS MeshGetLocalElementCount, ESMC_MeshVTKUTest.C, line 207
PASS MeshGetOwnedElementCount, ESMC_MeshVTKUTest.C, line 228
PASS MeshGetOwnedNodeCount, ESMC_MeshVTKUTest.C, line 249
PASS MeshAddElements, ESMC_MeshVTKUTest.C, line 187
PASS MeshGetLocalElementCount, ESMC_MeshVTKUTest.C, line 207
PASS MeshGetOwnedElementCount, ESMC_MeshVTKUTest.C, line 228
PASS MeshGetOwnedNodeCount, ESMC_MeshVTKUTest.C, line 249
PASS MeshAddElements, ESMC_MeshVTKUTest.C, line 187
PASS MeshGetLocalElementCount, ESMC_MeshVTKUTest.C, line 207
PASS MeshGetOwnedElementCount, ESMC_MeshVTKUTest.C, line 228
PASS MeshGetOwnedNodeCount, ESMC_MeshVTKUTest.C, line 249
PASS MeshAddElements, ESMC_MeshVTKUTest.C, line 187
PASS MeshAddElements, ESMC_MeshVTKUTest.C, line 187
PASS MeshGetLocalElementCount, ESMC_MeshVTKUTest.C, line 207
PASS MeshGetOwnedElementCount, ESMC_MeshVTKUTest.C, line 228
PASS MeshGetOwnedNodeCount, ESMC_MeshVTKUTest.C, line 249
PASS MeshGetLocalElementCount, ESMC_MeshVTKUTest.C, line 207
PASS MeshGetOwnedElementCount, ESMC_MeshVTKUTest.C, line 228
PASS MeshGetOwnedNodeCount, ESMC_MeshVTKUTest.C, line 249
PASS MeshWrite, ESMC_MeshVTKUTest.C, line 269
PASS MeshWrite, ESMC_MeshVTKUTest.C, line 269
PASS MeshWrite, ESMC_MeshVTKUTest.C, line 269
PASS MeshWrite, ESMC_MeshVTKUTest.C, line 269
PASS MeshFreeMemory, ESMC_MeshVTKUTest.C, line 279
PASS MeshFreeMemory, ESMC_MeshVTKUTest.C, line 279
PASS MeshDestroy, ESMC_MeshVTKUTest.C, line 288
PASS MeshDestroy, ESMC_MeshVTKUTest.C, line 288
Ending Test, file ESMC_MeshVTKUTest.C, line 301
Ending Test, file ESMC_MeshVTKUTest.C, line 301
PASS MeshFreeMemory, ESMC_MeshVTKUTest.C, line 279
PASS MeshDestroy, ESMC_MeshVTKUTest.C, line 288
Ending Test, file ESMC_MeshVTKUTest.C, line 301
PASS MeshFreeMemory, ESMC_MeshVTKUTest.C, line 279
PASS MeshDestroy, ESMC_MeshVTKUTest.C, line 288
Ending Test, file ESMC_MeshVTKUTest.C, line 301
PASS MeshWrite, ESMC_MeshVTKUTest.C, line 269
PASS MeshFreeMemory, ESMC_MeshVTKUTest.C, line 279
PASS MeshWrite, ESMC_MeshVTKUTest.C, line 269
PASS MeshDestroy, ESMC_MeshVTKUTest.C, line 288
Ending Test, file ESMC_MeshVTKUTest.C, line 301
PASS MeshFreeMemory, ESMC_MeshVTKUTest.C, line 279
PASS MeshDestroy, ESMC_MeshVTKUTest.C, line 288
Ending Test, file ESMC_MeshVTKUTest.C, line 301
 PET 3 Test Elapsed Time  15.558000 msec.
 PET 4 Test Elapsed Time  15.558000 msec.
 PET 0 Test Elapsed Time  15.558000 msec.
 PET 5 Test Elapsed Time  15.601000 msec.
 PET 1 Test Elapsed Time  15.604000 msec.
 PET 2 Test Elapsed Time  15.612000 msec.
