build time -- 2021-10-09 00:35:29
Sat Oct  9 00:54:48 2021: [unset]:_pmi_alps_init:alps_get_placement_info returned with error -1
Sat Oct  9 00:54:48 2021: [unset]:_pmi_init:_pmi_alps_init returned -1
  Beginning Test, file ESMF_VMAccUTest.F90, line 52
  NUMBER_OF_PROCESSORS           1
  PASS  Test getting the number of accelerator devices, ESMF_VMAccUTest.F90, lin
 e 72
  Ending Test, file ESMF_VMAccUTest.F90, line 76
  PET           0  Test Elapsed Time   0.282999999999999       msec.
