build time -- 2021-11-26 02:47:59
MPI startup(): Warning: I_MPI_PMI_LIBRARY will be ignored since the hydra process manager was found
MPI startup(): Warning: I_MPI_PMI_LIBRARY will be ignored since the hydra process manager was found
MPI startup(): Warning: I_MPI_PMI_LIBRARY will be ignored since the hydra process manager was found
MPI startup(): Warning: I_MPI_PMI_LIBRARY will be ignored since the hydra process manager was found
  Beginning Test, file ESMF_LocStreamUTest.F90, line 78
  Beginning Test, file ESMF_LocStreamUTest.F90, line 78
  NUMBER_OF_PROCESSORS           4
  NUMBER_OF_PROCESSORS           4
  PASS  Testing LocStream IsCreated for uncreated object, ESMF_LocStreamUTest.F9
  PASS  Testing LocStream IsCreated for uncreated object, ESMF_LocStreamUTest.F9
 0, line 99
  PASS  Testing LocStream IsCreated for uncreated object, ESMF_LocStreamUTest.F9
 0, line 99
  PASS  Testing LocStream IsCreated for uncreated object, ESMF_LocStreamUTest.F9
 0, line 107
 0, line 107
  PASS  Create test LocStream for IsCreated, ESMF_LocStreamUTest.F90, line 115
  PASS  Testing LocStream IsCreated for created object, ESMF_LocStreamUTest.F90,
  PASS  Create test LocStream for IsCreated, ESMF_LocStreamUTest.F90, line 115
  PASS  Testing LocStream IsCreated for created object, ESMF_LocStreamUTest.F90,
  line 123
  PASS  Testing LocStream IsCreated for created object, ESMF_LocStreamUTest.F90,
  line 131
  line 123
  PASS  Destroy test LocStream for IsCreated, ESMF_LocStreamUTest.F90, line 139
  PASS  Testing LocStream IsCreated for destroyed object, ESMF_LocStreamUTest.F9
 0, line 147
  PASS  Testing LocStream IsCreated for destroyed object, ESMF_LocStreamUTest.F9
  PASS  Testing LocStream IsCreated for created object, ESMF_LocStreamUTest.F90,
  line 131
  PASS  Destroy test LocStream for IsCreated, ESMF_LocStreamUTest.F90, line 139
  Beginning Test, file ESMF_LocStreamUTest.F90, line 78
  NUMBER_OF_PROCESSORS           4
  PASS  Testing LocStream IsCreated for destroyed object, ESMF_LocStreamUTest.F9
 0, line 147
  PASS  Testing LocStream IsCreated for destroyed object, ESMF_LocStreamUTest.F9
 0, line 155
  PASS  Testing LocStream IsCreated for uncreated object, ESMF_LocStreamUTest.F9
 0, line 155
  PASS  Testing LocStream Validate, ESMF_LocStreamUTest.F90, line 187
  PASS  Testing LocStream Validate, ESMF_LocStreamUTest.F90, line 187
  PASS  Test ESMF_LocStreamCreate from Regular distribution, ESMF_LocStreamUTest
 .F90, line 335
  PASS  LocStream equality before assignment Test, ESMF_LocStreamUTest.F90, line
  343
  PASS  LocStream assignment and equality Test, ESMF_LocStreamUTest.F90, line 35
  PASS  Test ESMF_LocStreamCreate from Regular distribution, ESMF_LocStreamUTest
 .F90, line 335
  PASS  LocStream equality before assignment Test, ESMF_LocStreamUTest.F90, line
  343
  PASS  LocStream assignment and equality Test, ESMF_LocStreamUTest.F90, line 35
 2
 2
  PASS  LocStreamDestroy Test, ESMF_LocStreamUTest.F90, line 359
  PASS  LocStream equality after destroy Test, ESMF_LocStreamUTest.F90, line 367
 0, line 99
  PASS  LocStreamDestroy Test, ESMF_LocStreamUTest.F90, line 359
  PASS  LocStream equality after destroy Test, ESMF_LocStreamUTest.F90, line 367
  PASS  LocStream non-equality after destroy Test, ESMF_LocStreamUTest.F90, line
  375
  PASS  Double LocStreamDestroy through alias Test, ESMF_LocStreamUTest.F90, lin
 e 382
  PASS  Testing LocStream IsCreated for uncreated object, ESMF_LocStreamUTest.F9
 0, line 107
  PASS  Test ESMF_LocStreamCreate from Irregular distribution, ESMF_LocStreamUTe
 st.F90, line 534
  PASS  Create test LocStream for IsCreated, ESMF_LocStreamUTest.F90, line 115
  PASS  LocStream non-equality after destroy Test, ESMF_LocStreamUTest.F90, line
  375
  PASS  Double LocStreamDestroy through alias Test, ESMF_LocStreamUTest.F90, lin
 e 382
  PASS  Test ESMF_LocStreamCreate from Irregular distribution, ESMF_LocStreamUTe
  PASS  Testing LocStream IsCreated for created object, ESMF_LocStreamUTest.F90,
  line 123
  PASS  Testing LocStream IsCreated for created object, ESMF_LocStreamUTest.F90,
 st.F90, line 534
  line 131
  Beginning Test, file ESMF_LocStreamUTest.F90, line 78
  NUMBER_OF_PROCESSORS           4
  PASS  Testing LocStream IsCreated for uncreated object, ESMF_LocStreamUTest.F9
 0, line 99
  PASS  Testing LocStream IsCreated for uncreated object, ESMF_LocStreamUTest.F9
 0, line 107
  PASS  Create test LocStream for IsCreated, ESMF_LocStreamUTest.F90, line 115
  PASS  Testing LocStream IsCreated for created object, ESMF_LocStreamUTest.F90,
  line 123
  PASS  Testing LocStream IsCreated for created object, ESMF_LocStreamUTest.F90,
  line 131
  PASS  Destroy test LocStream for IsCreated, ESMF_LocStreamUTest.F90, line 139
  PASS  Testing LocStream IsCreated for destroyed object, ESMF_LocStreamUTest.F9
 0, line 147
  PASS  Testing LocStream IsCreated for destroyed object, ESMF_LocStreamUTest.F9
 0, line 155
  PASS  Testing LocStream Validate, ESMF_LocStreamUTest.F90, line 187
  PASS  Test ESMF_LocStreamCreate from Regular distribution, ESMF_LocStreamUTest
 .F90, line 335
  PASS  Destroy test LocStream for IsCreated, ESMF_LocStreamUTest.F90, line 139
  PASS  LocStream equality before assignment Test, ESMF_LocStreamUTest.F90, line
  343
  PASS  LocStream assignment and equality Test, ESMF_LocStreamUTest.F90, line 35
 2
  PASS  LocStreamDestroy Test, ESMF_LocStreamUTest.F90, line 359
  PASS  Testing LocStream IsCreated for destroyed object, ESMF_LocStreamUTest.F9
 0, line 147
  PASS  Testing LocStream IsCreated for destroyed object, ESMF_LocStreamUTest.F9
  PASS  LocStream equality after destroy Test, ESMF_LocStreamUTest.F90, line 367
  PASS  LocStream non-equality after destroy Test, ESMF_LocStreamUTest.F90, line
 0, line 155
  375
  PASS  Double LocStreamDestroy through alias Test, ESMF_LocStreamUTest.F90, lin
  PASS  Testing LocStream Validate, ESMF_LocStreamUTest.F90, line 187
 e 382
  PASS  Test ESMF_LocStreamCreate from Regular distribution, ESMF_LocStreamUTest
 .F90, line 335
  PASS  LocStream equality before assignment Test, ESMF_LocStreamUTest.F90, line
  PASS  Test ESMF_LocStreamCreate from Irregular distribution, ESMF_LocStreamUTe
 st.F90, line 534
  343
  PASS  LocStream assignment and equality Test, ESMF_LocStreamUTest.F90, line 35
 2
  PASS  LocStreamDestroy Test, ESMF_LocStreamUTest.F90, line 359
  PASS  LocStream equality after destroy Test, ESMF_LocStreamUTest.F90, line 367
  PASS  LocStream non-equality after destroy Test, ESMF_LocStreamUTest.F90, line
  375
  PASS  Double LocStreamDestroy through alias Test, ESMF_LocStreamUTest.F90, lin
 e 382
  PASS  Test ESMF_LocStreamCreate from Irregular distribution, ESMF_LocStreamUTe
 st.F90, line 534
  PASS  Testing LocStream Create from localCount and indexflag=ESMF_INDEX_DELOCA
 L, ESMF_LocStreamUTest.F90, line 571
  PASS  Testing LocStream Create from localCount and indexflag=ESMF_INDEX_DELOCA
  PASS  Testing LocStream Create from localCount and indexflag=ESMF_INDEX_DELOCA
 L, ESMF_LocStreamUTest.F90, line 571
 L, ESMF_LocStreamUTest.F90, line 571
  PASS  Testing LocStream Create from localCount and indexflag=ESMF_INDEX_DELOCA
 L, ESMF_LocStreamUTest.F90, line 571
  PASS  Testing LocStream Create from localCount and indexflag=ESMF_INDEX_GLOBAL
  PASS  Testing LocStream Create from localCount and indexflag=ESMF_INDEX_GLOBAL
 , ESMF_LocStreamUTest.F90, line 607
 , ESMF_LocStreamUTest.F90, line 607
  PASS  Testing LocStream Create defaults and LocStream Get, ESMF_LocStreamUTest
 .F90, line 650
  PASS  Testing LocStream Create defaults and LocStream Get, ESMF_LocStreamUTest
 .F90, line 650
  PASS  Test keyCount and keyNames response to ESMF_LocStreamAddKey, ESMF_LocStr
  PASS  Test keyCount and keyNames response to ESMF_LocStreamAddKey, ESMF_LocStr
 eamUTest.F90, line 706
 eamUTest.F90, line 706
  PASS  Testing LocStream Create from localCount and indexflag=ESMF_INDEX_GLOBAL
 , ESMF_LocStreamUTest.F90, line 607
  PASS  Testing LocStream Create defaults and LocStream Get, ESMF_LocStreamUTest
 .F90, line 650
  PASS  Test keyCount and keyNames response to ESMF_LocStreamAddKey, ESMF_LocStr
 eamUTest.F90, line 706
  PASS  Testing LocStream Create from localCount and indexflag=ESMF_INDEX_GLOBAL
 , ESMF_LocStreamUTest.F90, line 607
  PASS  Testing LocStream Create defaults and LocStream Get, ESMF_LocStreamUTest
 .F90, line 650
  PASS  Test keyCount and keyNames response to ESMF_LocStreamAddKey, ESMF_LocStr
 eamUTest.F90, line 706
  PASS  Test ESMF_LocStreamGetKey getting an I4 pointer and bounds, ESMF_LocStre
  PASS  Test ESMF_LocStreamGetKey getting an I4 pointer and bounds, ESMF_LocStre
 amUTest.F90, line 767
 amUTest.F90, line 767
  PASS  Test ESMF_LocStreamGetKey getting an I4 pointer and bounds, ESMF_LocStre
 amUTest.F90, line 767
  PASS  Test ESMF_LocStreamGetKey getting an I4 pointer and bounds, ESMF_LocStre
 amUTest.F90, line 767
  PASS  Test ESMF_LocStreamGetKey getting an R4 pointer and bounds, ESMF_LocStre
  PASS  Test ESMF_LocStreamGetKey getting an R4 pointer and bounds, ESMF_LocStre
 amUTest.F90, line 828
 amUTest.F90, line 828
  PASS  Test ESMF_LocStreamGetKey getting an R4 pointer and bounds, ESMF_LocStre
 amUTest.F90, line 828
  PASS  Test ESMF_LocStreamGetKey getting an R4 pointer and bounds, ESMF_LocStre
 amUTest.F90, line 828
  PASS  Test ESMF_LocStreamGetKey getting an R8 pointer and bounds, ESMF_LocStre
  PASS  Test ESMF_LocStreamGetKey getting an R8 pointer and bounds, ESMF_LocStre
 amUTest.F90, line 890
 amUTest.F90, line 890
  PASS  Test getting keyUnits and keyLongName, ESMF_LocStreamUTest.F90, line 934
  PASS  Test getting keyUnits and keyLongName, ESMF_LocStreamUTest.F90, line 934
  PASS  Test ESMF_LocStreamGetKey getting an R8 pointer and bounds, ESMF_LocStre
 ESMF_LocStreamUTest: serialization buffer size =        8720
 amUTest.F90, line 890
  PASS  Test getting keyUnits and keyLongName, ESMF_LocStreamUTest.F90, line 934
  PASS  Test LocStream Serialize/Deserialize, ESMF_LocStreamUTest.F90, line 1020
 LocStream Print Starts ====>
 Name =     'LocStream048'
 KeyCount =           2
 Keys:
 ESMF_LocStreamUTest: serialization buffer size =        8720
    A1 - LN1    U1
     arr(           1 )=   6.938308024145286E-310
     arr(           2 )=    512.000122547150     
  PASS  Test LocStream Serialize/Deserialize, ESMF_LocStreamUTest.F90, line 1020
     arr(           3 )=    8192.00197219849     
     arr(           4 )=    131072.031677246     
     arr(           5 )=    524288.127075195     
    A2 - LN2    U2
 LocStream Print Starts ====>
 Name =     'LocStream048'
 KeyCount =           2
 Keys:
    A1 - LN1    U1
     arr(           1 )=   6.905404980416575E-310
     arr(           1 )=   6.938308024138962E-310
     arr(           2 )=   7.676145470849514E+218
     arr(           3 )=   3.035286940369342E-152
     arr(           4 )=   1.377080536897474E+093
     arr(           5 )=   2.221052049552993E+252
 LocStream Print Ends   ====>
  PASS  Test Print, ESMF_LocStreamUTest.F90, line 1053
     arr(           2 )=    512.000122547150     
     arr(           3 )=    8192.00197219849     
     arr(           4 )=    131072.031677246     
     arr(           5 )=    524288.127075195     
    A2 - LN2    U2
     arr(           1 )=   6.905404980410251E-310
  PASS  Test ESMF_LocStreamCreate from Regular distribution, ESMF_LocStreamUTest
 .F90, line 1205
     arr(           2 )=   7.676145470849514E+218
     arr(           3 )=   3.035286940369342E-152
  PASS  Test ESMF_LocStreamCreate from Irregular distribution, ESMF_LocStreamUTe
 st.F90, line 1358
     arr(           4 )=   1.377080536897474E+093
     arr(           5 )=   2.221052049552993E+252
 LocStream Print Ends   ====>
  PASS  Test Print, ESMF_LocStreamUTest.F90, line 1053
  PASS  Test ESMF_LocStreamCreate from Regular distribution, ESMF_LocStreamUTest
 .F90, line 1205
  PASS  Test ESMF_LocStreamCreate from Irregular distribution, ESMF_LocStreamUTe
 st.F90, line 1358
 ESMF_LocStreamUTest: serialization buffer size =        8720
  PASS  Test ESMF_LocStreamGetKey getting an R8 pointer and bounds, ESMF_LocStre
 amUTest.F90, line 890
  PASS  Test getting keyUnits and keyLongName, ESMF_LocStreamUTest.F90, line 934
  PASS  Test LocStream Serialize/Deserialize, ESMF_LocStreamUTest.F90, line 1020
 LocStream Print Starts ====>
 Name =     'LocStream048'
 ESMF_LocStreamUTest: serialization buffer size =        8720
 KeyCount =           2
 Keys:
    A1 - LN1    U1
  PASS  Test LocStream Serialize/Deserialize, ESMF_LocStreamUTest.F90, line 1020
 LocStream Print Starts ====>
     arr(           1 )=   6.922980859976961E-310
     arr(           2 )=    512.000122547150     
     arr(           3 )=    8192.00197219849     
     arr(           4 )=    131072.031677246     
     arr(           5 )=    524288.127075195     
    A2 - LN2    U2
 Name =     'LocStream048'
 KeyCount =           2
     arr(           1 )=   6.922980859970637E-310
     arr(           2 )=   7.676145470849514E+218
     arr(           3 )=   3.035286940369342E-152
     arr(           4 )=   1.377080536897474E+093
     arr(           5 )=   2.221052049552993E+252
 LocStream Print Ends   ====>
  PASS  Test Print, ESMF_LocStreamUTest.F90, line 1053
 Keys:
    A1 - LN1    U1
  PASS  Test ESMF_LocStreamCreate from Regular distribution, ESMF_LocStreamUTest
 .F90, line 1205
  PASS  Test ESMF_LocStreamCreate from Irregular distribution, ESMF_LocStreamUTe
 st.F90, line 1358
     arr(           1 )=   6.917392990613260E-310
     arr(           2 )=    512.000122547150     
     arr(           3 )=    8192.00197219849     
     arr(           4 )=    131072.031677246     
     arr(           5 )=    524288.127075195     
    A2 - LN2    U2
     arr(           1 )=   6.917392990606936E-310
     arr(           2 )=   7.676145470849514E+218
     arr(           3 )=   3.035286940369342E-152
     arr(           4 )=   1.377080536897474E+093
     arr(           5 )=   2.221052049552993E+252
 LocStream Print Ends   ====>
  PASS  Test Print, ESMF_LocStreamUTest.F90, line 1053
  PASS  Test ESMF_LocStreamCreate from Regular distribution, ESMF_LocStreamUTest
 .F90, line 1205
  PASS  Test ESMF_LocStreamCreate from Irregular distribution, ESMF_LocStreamUTe
 st.F90, line 1358
  PASS  Test ESMF_LocStream Create From Background Mesh, ESMF_LocStreamUTest.F90
 , line 1670
  PASS  Test ESMF_LocStream Create From Background Mesh, ESMF_LocStreamUTest.F90
 , line 1670
  PASS  Test ESMF_LocStream Create From Background Mesh, ESMF_LocStreamUTest.F90
 , line 1670
  PASS  Test ESMF_LocStream Create From Background Mesh, ESMF_LocStreamUTest.F90
 , line 1670
  PASS  Test ESMF_LocStream Create From Background Grid, ESMF_LocStreamUTest.F90
 , line 1686
  PASS  Test ESMF_LocStream Create From Background Grid, ESMF_LocStreamUTest.F90
 , line 1686
  PASS  Test ESMF_LocStream Create From Background Grid, ESMF_LocStreamUTest.F90
 , line 1686
  PASS  Test ESMF_LocStream Create From Background Grid, ESMF_LocStreamUTest.F90
 , line 1686
  PASS  Test ESMF_LocStream Create From Background Grid non-default Align, ESMF_
 LocStreamUTest.F90, line 1701
  PASS  Test ESMF_LocStream Create From Background Grid non-default Align, ESMF_
 LocStreamUTest.F90, line 1701
  PASS  Test ESMF_LocStream Create From Background Grid non-default Align, ESMF_
  PASS  Test ESMF_LocStream Create From Background Grid non-default Align, ESMF_
 LocStreamUTest.F90, line 1701
 LocStreamUTest.F90, line 1701
  PASS  Test ESMF_LocStream Create From Background Grid on Sphere, ESMF_LocStrea
 mUTest.F90, line 1717
  Ending Test, file ESMF_LocStreamUTest.F90, line 1727
  PASS  Test ESMF_LocStream Create From Background Grid on Sphere, ESMF_LocStrea
  PASS  Test ESMF_LocStream Create From Background Grid on Sphere, ESMF_LocStrea
 mUTest.F90, line 1717
  Ending Test, file ESMF_LocStreamUTest.F90, line 1727
 mUTest.F90, line 1717
  Ending Test, file ESMF_LocStreamUTest.F90, line 1727
  PASS  Test ESMF_LocStream Create From Background Grid on Sphere, ESMF_LocStrea
 mUTest.F90, line 1717
  Ending Test, file ESMF_LocStreamUTest.F90, line 1727
  PET           1  Test Elapsed Time    5654.80200000000       msec.
  PET           2  Test Elapsed Time    5656.17700000000       msec.
  PET           0  Test Elapsed Time    5664.54600000000       msec.
  PET           3  Test Elapsed Time    5666.52600000000       msec.
