build time -- 2021-10-26 20:37:42.760542
/global/u2/r/rsdunlap/esmf-testing/intel_19.0.3_mpi_g_main/lib/libg/Unicos.intel.64.mpi.default/preload.sh: line 3: 28918 Segmentation fault      env LD_PRELOAD="$LD_PRELOAD /global/u2/r/rsdunlap/esmf-testing/intel_19.0.3_mpi_g_main/lib/libg/Unicos.intel.64.mpi.default/libesmftrace_preload.so" $*
/global/u2/r/rsdunlap/esmf-testing/intel_19.0.3_mpi_g_main/lib/libg/Unicos.intel.64.mpi.default/preload.sh: line 3: 28920 Segmentation fault      env LD_PRELOAD="$LD_PRELOAD /global/u2/r/rsdunlap/esmf-testing/intel_19.0.3_mpi_g_main/lib/libg/Unicos.intel.64.mpi.default/libesmftrace_preload.so" $*
/global/u2/r/rsdunlap/esmf-testing/intel_19.0.3_mpi_g_main/lib/libg/Unicos.intel.64.mpi.default/preload.sh: line 3: 28917 Segmentation fault      env LD_PRELOAD="$LD_PRELOAD /global/u2/r/rsdunlap/esmf-testing/intel_19.0.3_mpi_g_main/lib/libg/Unicos.intel.64.mpi.default/libesmftrace_preload.so" $*
/global/u2/r/rsdunlap/esmf-testing/intel_19.0.3_mpi_g_main/lib/libg/Unicos.intel.64.mpi.default/preload.sh: line 3: 28919 Segmentation fault      env LD_PRELOAD="$LD_PRELOAD /global/u2/r/rsdunlap/esmf-testing/intel_19.0.3_mpi_g_main/lib/libg/Unicos.intel.64.mpi.default/libesmftrace_preload.so" $*
srun: error: nid12990: tasks 0-3: Exited with exit code 139
srun: launch/slurm: _step_signal: Terminating StepId=48981389.36
