build time -- 2021-11-07 00:21:50
  Beginning Test, file ESMF_AttributeUpdateComponentUTest.F90, line 442
  NUMBER_OF_PROCESSORS           8
  Beginning Test, file ESMF_AttributeUpdateComponentUTest.F90, line 442
  NUMBER_OF_PROCESSORS           8
  Beginning Test, file ESMF_AttributeUpdateComponentUTest.F90, line 442
  NUMBER_OF_PROCESSORS           8
  Beginning Test, file ESMF_AttributeUpdateComponentUTest.F90, line 442
  NUMBER_OF_PROCESSORS           8
  Beginning Test, file ESMF_AttributeUpdateComponentUTest.F90, line 442
  NUMBER_OF_PROCESSORS           8
  Beginning Test, file ESMF_AttributeUpdateComponentUTest.F90, line 442
  NUMBER_OF_PROCESSORS           8
  Beginning Test, file ESMF_AttributeUpdateComponentUTest.F90, line 442
  NUMBER_OF_PROCESSORS           8
  Beginning Test, file ESMF_AttributeUpdateComponentUTest.F90, line 442
  NUMBER_OF_PROCESSORS           8
  PASS  PET            0 : Getting an updated Attribute value from a Component test: value = value1, ESMF_AttributeUpdateComponentUTest.F90, line 526
  PASS  PET            2 : Getting an updated Attribute value from a Component test: value = value1, ESMF_AttributeUpdateComponentUTest.F90, line 526
  PASS  PET            4 : Getting an updated Attribute value from a Component test: value = value1, ESMF_AttributeUpdateComponentUTest.F90, line 526
  PASS  PET            6 : Getting an updated Attribute value from a Component test: value = value1, ESMF_AttributeUpdateComponentUTest.F90, line 526
  PASS  PET            6 : Getting an updated Attribute value from a Component test: value = value2, ESMF_AttributeUpdateComponentUTest.F90, line 533
  PASS  PET            0 : Getting an updated Attribute value from a Component test: value = value2, ESMF_AttributeUpdateComponentUTest.F90, line 533
  PASS  PET            1 : Getting an updated Attribute value from a Component test: value = value1, ESMF_AttributeUpdateComponentUTest.F90, line 526
  PASS  PET            1 : Getting an updated Attribute value from a Component test: value = value2, ESMF_AttributeUpdateComponentUTest.F90, line 533
  PASS  PET            2 : Getting an updated Attribute value from a Component test: value = value2, ESMF_AttributeUpdateComponentUTest.F90, line 533
  PASS  PET            2 : Getting an updated Attribute value from a Component test: value = value3, ESMF_AttributeUpdateComponentUTest.F90, line 540
  PASS  PET            3 : Getting an updated Attribute value from a Component test: value = value1, ESMF_AttributeUpdateComponentUTest.F90, line 526
  PASS  PET            3 : Getting an updated Attribute value from a Component test: value = value2, ESMF_AttributeUpdateComponentUTest.F90, line 533
  PASS  PET            3 : Getting an updated Attribute value from a Component test: value = value3, ESMF_AttributeUpdateComponentUTest.F90, line 540
  PASS  PET            4 : Getting an updated Attribute value from a Component test: value = value2, ESMF_AttributeUpdateComponentUTest.F90, line 533
  PASS  PET            4 : Getting an updated Attribute value from a Component test: value = value3, ESMF_AttributeUpdateComponentUTest.F90, line 540
  PASS  PET            5 : Getting an updated Attribute value from a Component test: value = value1, ESMF_AttributeUpdateComponentUTest.F90, line 526
  PASS  PET            5 : Getting an updated Attribute value from a Component test: value = value2, ESMF_AttributeUpdateComponentUTest.F90, line 533
  PASS  PET            5 : Getting an updated Attribute value from a Component test: value = value3, ESMF_AttributeUpdateComponentUTest.F90, line 540
  PASS  PET            6 : Getting an updated Attribute value from a Component test: value = value3, ESMF_AttributeUpdateComponentUTest.F90, line 540
  PASS  PET            7 : Getting an updated Attribute value from a Component test: value = value1, ESMF_AttributeUpdateComponentUTest.F90, line 526
  PASS  PET            7 : Getting an updated Attribute value from a Component test: value = value2, ESMF_AttributeUpdateComponentUTest.F90, line 533
  PASS  PET            7 : Getting an updated Attribute value from a Component test: value = value3, ESMF_AttributeUpdateComponentUTest.F90, line 540
  PASS  PET            0 : Getting an updated Attribute value from a Component test: value = value3, ESMF_AttributeUpdateComponentUTest.F90, line 540
  PASS  PET            1 : Getting an updated Attribute value from a Component test: value = value3, ESMF_AttributeUpdateComponentUTest.F90, line 540
  PASS  PET            0 : Getting a lone Attribute from a Component test: value = Lone Attribute, ESMF_AttributeUpdateComponentUTest.F90, line 547
  PASS  PET            1 : Getting a lone Attribute from a Component test: value = Lone Attribute, ESMF_AttributeUpdateComponentUTest.F90, line 547
  PASS  PET            2 : Getting a lone Attribute from a Component test: value = Lone Attribute, ESMF_AttributeUpdateComponentUTest.F90, line 547
  PASS  PET            3 : Getting a lone Attribute from a Component test: value = Lone Attribute, ESMF_AttributeUpdateComponentUTest.F90, line 547
  PASS  PET            4 : Getting a lone Attribute from a Component test: value = Lone Attribute, ESMF_AttributeUpdateComponentUTest.F90, line 547
  PASS  PET            5 : Getting a lone Attribute from a Component test: value = Lone Attribute, ESMF_AttributeUpdateComponentUTest.F90, line 547
  PASS  PET            6 : Getting a lone Attribute from a Component test: value = Lone Attribute, ESMF_AttributeUpdateComponentUTest.F90, line 547
  PASS  PET            7 : Getting a lone Attribute from a Component test: value = Lone Attribute, ESMF_AttributeUpdateComponentUTest.F90, line 547
  Ending Test, file ESMF_AttributeUpdateComponentUTest.F90, line 572
  Ending Test, file ESMF_AttributeUpdateComponentUTest.F90, line 572
  Ending Test, file ESMF_AttributeUpdateComponentUTest.F90, line 572
  Ending Test, file ESMF_AttributeUpdateComponentUTest.F90, line 572
  Ending Test, file ESMF_AttributeUpdateComponentUTest.F90, line 572
  Ending Test, file ESMF_AttributeUpdateComponentUTest.F90, line 572
  Ending Test, file ESMF_AttributeUpdateComponentUTest.F90, line 572
  Ending Test, file ESMF_AttributeUpdateComponentUTest.F90, line 572
  PET           2  Test Elapsed Time    70.863999999999990       msec.
  PET           4  Test Elapsed Time    69.905999999999977       msec.
  PET           5  Test Elapsed Time    70.260000000000005       msec.
  PET           6  Test Elapsed Time    68.939000000000007       msec.
  PET           7  Test Elapsed Time    70.006999999999991       msec.
  PET           1  Test Elapsed Time    69.555000000000007       msec.
  PET           3  Test Elapsed Time    69.499999999999972       msec.
  PET           0  Test Elapsed Time    44.109999999999999       msec.
