build time -- 2021-10-26 20:24:45.087373
Name: Array002	  Convention: customconvention2	  Purpose: custompurpose2	

Custom1	Custom2	Custom3	
