build time -- 2022-02-28 01:37:44.967627
  Beginning Test, file ESMF_ArraySMMFromFileUTest.F90, line 104
  NUMBER_OF_PROCESSORS            1
  PASS  ESMF_ArraySMMFromFile Unit Test, ESMF_ArraySMMFromFileUTest.F90, line 120
  PASS  ESMF_FieldSMMFromFile Unit Test, ESMF_ArraySMMFromFileUTest.F90, line 137
  Ending Test, file ESMF_ArraySMMFromFileUTest.F90, line 142
  PET            0  Test Elapsed Time    0.2610683441162109       msec.
