build time -- 2021-10-27 01:06:38.287706
  Beginning Test, file ESMF_IOUTest.F90, line 57
  Beginning Test, file ESMF_IOUTest.F90, line 57
  NUMBER_OF_PROCESSORS           4
  Beginning Test, file ESMF_IOUTest.F90, line 57
  NUMBER_OF_PROCESSORS           4
  Beginning Test, file ESMF_IOUTest.F90, line 57
  NUMBER_OF_PROCESSORS           4
  NUMBER_OF_PROCESSORS           4
  PASS  ESMF_OutputWeightFile, ESMF_IOUTest.F90, line 84
  PASS  ESMF_OutputWeightFile, ESMF_IOUTest.F90, line 84
  PASS  ESMF_OutputWeightFile, ESMF_IOUTest.F90, line 84
  PASS  call ESMF_OutputWeightFile with empty factor list on four PETs, ESMF_IOUTest.F90, line 194
  PASS  call ESMF_OutputWeightFile with empty factor list on four PETs, ESMF_IOUTest.F90, line 194
  Ending Test, file ESMF_IOUTest.F90, line 201
  Ending Test, file ESMF_IOUTest.F90, line 201
  PASS  call ESMF_OutputWeightFile with empty factor list on four PETs, ESMF_IOUTest.F90, line 194
  PASS  ESMF_OutputWeightFile, ESMF_IOUTest.F90, line 84
  PASS  call ESMF_OutputWeightFile with empty factor list on four PETs, ESMF_IOUTest.F90, line 194
  Ending Test, file ESMF_IOUTest.F90, line 201
  Ending Test, file ESMF_IOUTest.F90, line 201
  PET           1  Test Elapsed Time    7.8969999999999878       msec.
  PET           0  Test Elapsed Time    9.9180000000000099       msec.
  PET           2  Test Elapsed Time    13.351000000000003       msec.
  PET           3  Test Elapsed Time    6.4120000000000008       msec.
