build time -- 2021-10-26 21:57:14
forrtl: severe (174): SIGSEGV, segmentation fault occurred
Image              PC                Routine            Line        Source             
ESMF_FieldHaloUTe  0000000108821BF4  Unknown               Unknown  Unknown
libsystem_platfor  00007FFF666F8B5D  Unknown               Unknown  Unknown
libmpi.40.dylib    000000010D1612A1  Unknown               Unknown  Unknown
libesmf.dylib      00000001096585A0  Unknown               Unknown  Unknown
libesmf.dylib      0000000109637141  Unknown               Unknown  Unknown
libesmf.dylib      0000000109689B80  Unknown               Unknown  Unknown
libesmf.dylib      000000010A86D026  Unknown               Unknown  Unknown
libesmf.dylib      000000010A47992A  Unknown               Unknown  Unknown
libesmf.dylib      000000010A478C3B  Unknown               Unknown  Unknown
libesmf.dylib      000000010A7A5A61  Unknown               Unknown  Unknown
ESMF_FieldHaloUTe  00000001087F2977  _MAIN__                    71  ESMF_FieldHaloUTest.F90
ESMF_FieldHaloUTe  00000001087F282E  Unknown               Unknown  Unknown
forrtl: severe (174): SIGSEGV, segmentation fault occurred
Image              PC                Routine            Line        Source             
ESMF_FieldHaloUTe  00000001039ECBF4  Unknown               Unknown  Unknown
libsystem_platfor  00007FFF666F8B5D  Unknown               Unknown  Unknown
libmpi.40.dylib    000000010814F2A1  Unknown               Unknown  Unknown
libesmf.dylib      00000001048275A0  Unknown               Unknown  Unknown
libesmf.dylib      0000000104806141  Unknown               Unknown  Unknown
libesmf.dylib      0000000104858B80  Unknown               Unknown  Unknown
libesmf.dylib      0000000105A3C026  Unknown               Unknown  Unknown
libesmf.dylib      000000010564892A  Unknown               Unknown  Unknown
libesmf.dylib      0000000105647C3B  Unknown               Unknown  Unknown
libesmf.dylib      0000000105974A61  Unknown               Unknown  Unknown
ESMF_FieldHaloUTe  00000001039BD977  _MAIN__                    71  ESMF_FieldHaloUTest.F90
ESMF_FieldHaloUTe  00000001039BD82E  Unknown               Unknown  Unknown
forrtl: severe (174): SIGSEGV, segmentation fault occurred
Image              PC                Routine            Line        Source             
ESMF_FieldHaloUTe  000000010411FBF4  Unknown               Unknown  Unknown
libsystem_platfor  00007FFF666F8B5D  Unknown               Unknown  Unknown
libmpi.40.dylib    00000001088852A1  Unknown               Unknown  Unknown
libesmf.dylib      0000000104F565A0  Unknown               Unknown  Unknown
libesmf.dylib      0000000104F35141  Unknown               Unknown  Unknown
libesmf.dylib      0000000104F87B80  Unknown               Unknown  Unknown
libesmf.dylib      000000010616B026  Unknown               Unknown  Unknown
libesmf.dylib      0000000105D7792A  Unknown               Unknown  Unknown
libesmf.dylib      0000000105D76C3B  Unknown               Unknown  Unknown
libesmf.dylib      00000001060A3A61  Unknown               Unknown  Unknown
ESMF_FieldHaloUTe  00000001040F0977  _MAIN__                    71  ESMF_FieldHaloUTest.F90
ESMF_FieldHaloUTe  00000001040F082E  Unknown               Unknown  Unknown
forrtl: severe (174): SIGSEGV, segmentation fault occurred
Image              PC                Routine            Line        Source             
ESMF_FieldHaloUTe  0000000107AC1BF4  Unknown               Unknown  Unknown
libsystem_platfor  00007FFF666F8B5D  Unknown               Unknown  Unknown
libmpi.40.dylib    0000000107EB32A1  Unknown               Unknown  Unknown
libesmf.dylib      000000010C71D5A0  Unknown               Unknown  Unknown
libesmf.dylib      000000010C6FC141  Unknown               Unknown  Unknown
libesmf.dylib      000000010C74EB80  Unknown               Unknown  Unknown
libesmf.dylib      000000010D932026  Unknown               Unknown  Unknown
libesmf.dylib      000000010D53E92A  Unknown               Unknown  Unknown
libesmf.dylib      000000010D53DC3B  Unknown               Unknown  Unknown
libesmf.dylib      000000010D86AA61  Unknown               Unknown  Unknown
ESMF_FieldHaloUTe  0000000107A92977  _MAIN__                    71  ESMF_FieldHaloUTest.F90
ESMF_FieldHaloUTe  0000000107A9282E  Unknown               Unknown  Unknown
