build time -- 2021-10-26 21:57:14
forrtl: severe (174): SIGSEGV, segmentation fault occurred
Image              PC                Routine            Line        Source             
ESMF_TestHarnessU  000000010CED4834  Unknown               Unknown  Unknown
libsystem_platfor  00007FFF666F8B5D  Unknown               Unknown  Unknown
libmpi.40.dylib    00000001116D22A1  Unknown               Unknown  Unknown
libesmf.dylib      000000010DDA95A0  Unknown               Unknown  Unknown
libesmf.dylib      000000010DD88141  Unknown               Unknown  Unknown
libesmf.dylib      000000010DDDAB80  Unknown               Unknown  Unknown
libesmf.dylib      000000010EFBE026  Unknown               Unknown  Unknown
libesmf.dylib      000000010EBCA92A  Unknown               Unknown  Unknown
libesmf.dylib      000000010EBC9C3B  Unknown               Unknown  Unknown
libesmf.dylib      000000010EEF6A61  Unknown               Unknown  Unknown
ESMF_TestHarnessU  000000010CEA6CEC  _MAIN__                    74  ESMF_TestHarnessUTest.F90
ESMF_TestHarnessU  000000010CD1988E  Unknown               Unknown  Unknown
forrtl: severe (174): SIGSEGV, segmentation fault occurred
Image              PC                Routine            Line        Source             
ESMF_TestHarnessU  000000010C67A834  Unknown               Unknown  Unknown
libsystem_platfor  00007FFF666F8B5D  Unknown               Unknown  Unknown
libmpi.40.dylib    0000000110E7A2A1  Unknown               Unknown  Unknown
libesmf.dylib      000000010D54D5A0  Unknown               Unknown  Unknown
libesmf.dylib      000000010D52C141  Unknown               Unknown  Unknown
libesmf.dylib      000000010D57EB80  Unknown               Unknown  Unknown
libesmf.dylib      000000010E762026  Unknown               Unknown  Unknown
libesmf.dylib      000000010E36E92A  Unknown               Unknown  Unknown
libesmf.dylib      000000010E36DC3B  Unknown               Unknown  Unknown
libesmf.dylib      000000010E69AA61  Unknown               Unknown  Unknown
ESMF_TestHarnessU  000000010C64CCEC  _MAIN__                    74  ESMF_TestHarnessUTest.F90
ESMF_TestHarnessU  000000010C4BF88E  Unknown               Unknown  Unknown
forrtl: severe (174): SIGSEGV, segmentation fault occurred
Image              PC                Routine            Line        Source             
ESMF_TestHarnessU  000000010D5AE834  Unknown               Unknown  Unknown
libsystem_platfor  00007FFF666F8B5D  Unknown               Unknown  Unknown
libmpi.40.dylib    0000000111DA52A1  Unknown               Unknown  Unknown
libesmf.dylib      000000010E4805A0  Unknown               Unknown  Unknown
libesmf.dylib      000000010E45F141  Unknown               Unknown  Unknown
libesmf.dylib      000000010E4B1B80  Unknown               Unknown  Unknown
libesmf.dylib      000000010F695026  Unknown               Unknown  Unknown
libesmf.dylib      000000010F2A192A  Unknown               Unknown  Unknown
libesmf.dylib      000000010F2A0C3B  Unknown               Unknown  Unknown
libesmf.dylib      000000010F5CDA61  Unknown               Unknown  Unknown
ESMF_TestHarnessU  000000010D580CEC  _MAIN__                    74  ESMF_TestHarnessUTest.F90
ESMF_TestHarnessU  000000010D3F388E  Unknown               Unknown  Unknown
forrtl: severe (174): SIGSEGV, segmentation fault occurred
Image              PC                Routine            Line        Source             
ESMF_TestHarnessU  000000010F5DC834  Unknown               Unknown  Unknown
libsystem_platfor  00007FFF666F8B5D  Unknown               Unknown  Unknown
libmpi.40.dylib    0000000113DD52A1  Unknown               Unknown  Unknown
libesmf.dylib      00000001104AC5A0  Unknown               Unknown  Unknown
libesmf.dylib      000000011048B141  Unknown               Unknown  Unknown
libesmf.dylib      00000001104DDB80  Unknown               Unknown  Unknown
libesmf.dylib      00000001116C1026  Unknown               Unknown  Unknown
libesmf.dylib      00000001112CD92A  Unknown               Unknown  Unknown
libesmf.dylib      00000001112CCC3B  Unknown               Unknown  Unknown
libesmf.dylib      00000001115F9A61  Unknown               Unknown  Unknown
ESMF_TestHarnessU  000000010F5AECEC  _MAIN__                    74  ESMF_TestHarnessUTest.F90
ESMF_TestHarnessU  000000010F42188E  Unknown               Unknown  Unknown
