build time -- 2021-10-27 00:19:26
Wed Oct 27 01:03:47 2021: [unset]:_pmi_alps_init:alps_get_placement_info returned with error -1
Wed Oct 27 01:03:47 2021: [unset]:_pmi_init:_pmi_alps_init returned -1
Beginning Test, file ESMC_BaseUTest.C, line 143
NUMBER_OF_PROCESSORS 1
PASS testSerializeDeserialize, ESMC_BaseUTest.C, line 150
Ending Test, file ESMC_BaseUTest.C, line 154
 PET 0 Test Elapsed Time  26.935000 msec.
