build time -- 2021-10-08 06:42:28
Beginning Test, file ESMCI_IO_NetCDFUTest.C, line 53
NUMBER_OF_PROCESSORS 4
PASS Create ESMCI_IO_NetCDF object, ESMCI_IO_NetCDFUTest.C, line 62
PASS Create ESMCI_State object, ESMCI_IO_NetCDFUTest.C, line 70
Beginning Test, file ESMCI_IO_NetCDFUTest.C, line 53
NUMBER_OF_PROCESSORS 4
PASS Create ESMCI_IO_NetCDF object, ESMCI_IO_NetCDFUTest.C, line 62
PASS Create ESMCI_State object, ESMCI_IO_NetCDFUTest.C, line 70
PASS read netcdf data into ESMCI_IO_NetCDF object, ESMCI_IO_NetCDFUTest.C, line 83
PASS write netcdf data from ESMCI_IO_NetCDF object, ESMCI_IO_NetCDFUTest.C, line 92
PASS Destroy ESMCI_State object, ESMCI_IO_NetCDFUTest.C, line 100
PASS Destroy ESMCI_IO_NetCDF object, ESMCI_IO_NetCDFUTest.C, line 108
Ending Test, file ESMCI_IO_NetCDFUTest.C, line 113
Beginning Test, file ESMCI_IO_NetCDFUTest.C, line 53
NUMBER_OF_PROCESSORS 4
PASS Create ESMCI_IO_NetCDF object, ESMCI_IO_NetCDFUTest.C, line 62
PASS Create ESMCI_State object, ESMCI_IO_NetCDFUTest.C, line 70
PASS read netcdf data into ESMCI_IO_NetCDF object, ESMCI_IO_NetCDFUTest.C, line 83
PASS write netcdf data from ESMCI_IO_NetCDF object, ESMCI_IO_NetCDFUTest.C, line 92
PASS Destroy ESMCI_State object, ESMCI_IO_NetCDFUTest.C, line 100
PASS Destroy ESMCI_IO_NetCDF object, ESMCI_IO_NetCDFUTest.C, line 108
Ending Test, file ESMCI_IO_NetCDFUTest.C, line 113
PASS read netcdf data into ESMCI_IO_NetCDF object, ESMCI_IO_NetCDFUTest.C, line 83
Beginning Test, file ESMCI_IO_NetCDFUTest.C, line 53
NUMBER_OF_PROCESSORS 4
PASS Create ESMCI_IO_NetCDF object, ESMCI_IO_NetCDFUTest.C, line 62
PASS Create ESMCI_State object, ESMCI_IO_NetCDFUTest.C, line 70
PASS read netcdf data into ESMCI_IO_NetCDF object, ESMCI_IO_NetCDFUTest.C, line 83
PASS write netcdf data from ESMCI_IO_NetCDF object, ESMCI_IO_NetCDFUTest.C, line 92
PASS Destroy ESMCI_State object, ESMCI_IO_NetCDFUTest.C, line 100
PASS Destroy ESMCI_IO_NetCDF object, ESMCI_IO_NetCDFUTest.C, line 108
Ending Test, file ESMCI_IO_NetCDFUTest.C, line 113
PASS write netcdf data from ESMCI_IO_NetCDF object, ESMCI_IO_NetCDFUTest.C, line 92
PASS Destroy ESMCI_State object, ESMCI_IO_NetCDFUTest.C, line 100
PASS Destroy ESMCI_IO_NetCDF object, ESMCI_IO_NetCDFUTest.C, line 108
Ending Test, file ESMCI_IO_NetCDFUTest.C, line 113
 PET 0 Test Elapsed Time  30.632000 msec.
 PET 1 Test Elapsed Time  30.714000 msec.
 PET 2 Test Elapsed Time  29.130000 msec.
 PET 3 Test Elapsed Time  14.970000 msec.
TOTCPU=08:55:28 ELAP=00:16:44 REQMEM=5875Mc REQCPUS=24 ALLOCCPUS=32 TIMELIMIT=02:30:00 PART=s4 ACCT=star
MAXRSS=0 MAXVMSIZE=196896K
________________________________________________________________
Job Resource Usage Summary for 11490825

  CPU Time Used : 08:55:28
  Memory Used : 0
  Virtual Memory Used : 196896K
  Walltime Used : 00:16:44

  Memory Requested : 5875Mc (n=per node; c=per core)
  CPUs Requested / Allocated : 24 / 32
  Walltime Requested : 02:30:00

  Execution Queue : s4
  Head Node : 
  Charged to : star

  Job Stopped : Fri Oct  8 06:59:12 UTC 2021
_____________________________________________________________________

