build time -- 2021-10-14 14:27:33
Name: gridcomp	  Convention: customconvention2	  Purpose: custompurpose2	


