build time -- 2021-11-10 06:26:20
Beginning Test, file ESMC_TestUTest.C, line 32
NUMBER_OF_PROCESSORS 4
PASS Use of ESMC_Test(), true, ESMC_TestUTest.C, line 39
Ending Test, file ESMC_TestUTest.C, line 43
Beginning Test, file ESMC_TestUTest.C, line 32
NUMBER_OF_PROCESSORS 4
PASS Use of ESMC_Test(), true, ESMC_TestUTest.C, line 39
Ending Test, file ESMC_TestUTest.C, line 43
Beginning Test, file ESMC_TestUTest.C, line 32
NUMBER_OF_PROCESSORS 4
PASS Use of ESMC_Test(), true, ESMC_TestUTest.C, line 39
Ending Test, file ESMC_TestUTest.C, line 43
Beginning Test, file ESMC_TestUTest.C, line 32
NUMBER_OF_PROCESSORS 4
PASS Use of ESMC_Test(), true, ESMC_TestUTest.C, line 39
Ending Test, file ESMC_TestUTest.C, line 43
 PET 3 Test Elapsed Time  2.576000 msec.
 PET 2 Test Elapsed Time  2.576000 msec.
 PET 1 Test Elapsed Time  2.144000 msec.
 PET 0 Test Elapsed Time  3.447000 msec.
TOTCPU=09:50:56 ELAP=00:18:28 REQMEM=5875Mc REQCPUS=24 ALLOCCPUS=32 TIMELIMIT=02:30:00 PART=s4 ACCT=star
MAXRSS=0 MAXVMSIZE=196896K
________________________________________________________________
Job Resource Usage Summary for 11593184

  CPU Time Used : 09:50:56
  Memory Used : 0
  Virtual Memory Used : 196896K
  Walltime Used : 00:18:28

  Memory Requested : 5875Mc (n=per node; c=per core)
  CPUs Requested / Allocated : 24 / 32
  Walltime Requested : 02:30:00

  Execution Queue : s4
  Head Node : 
  Charged to : star

  Job Stopped : Wed Nov 10 06:44:48 UTC 2021
_____________________________________________________________________

