build time -- 2022-02-27 06:27:23
Beginning Test, file ESMC_LogErrPerfUTest.C, line 88
Beginning Test, file ESMC_LogErrPerfUTest.C, line 88NUMBER_OF_PROCESSORS 4
Beginning Test, file ESMC_LogErrPerfUTest.C, line 88
Beginning Test, file ESMC_LogErrPerfUTest.C, line 88NUMBER_OF_PROCESSORS 4
PASS Performance of ESMCI::LogErr::FoundError() 1000x Test, ESMC_LogErrPerfUTest.C, line 96
PASS Performance of ESMCI::LogErr::FoundError() 1000x Test, ESMC_LogErrPerfUTest.C, line 96
PASS Performance of ESMCI::LogErr::FoundError() 10000x Test, ESMC_LogErrPerfUTest.C, line 104
PASS Performance of ESMCI::LogErr::FoundError() 10000x Test, ESMC_LogErrPerfUTest.C, line 104
Beginning Test, file ESMC_LogErrPerfUTest.C, line 88
Beginning Test, file ESMC_LogErrPerfUTest.C, line 88NUMBER_OF_PROCESSORS 4
PASS Performance of ESMCI::LogErr::FoundError() 1000x Test, ESMC_LogErrPerfUTest.C, line 96
PASS Performance of ESMCI::LogErr::FoundError() 10000x Test, ESMC_LogErrPerfUTest.C, line 104
PASS Performance of ESMCI::LogErr::FoundError() 100000x Test, ESMC_LogErrPerfUTest.C, line 112
PASS Performance of ESMCI::LogErr::FoundError() 100000x Test, ESMC_LogErrPerfUTest.C, line 112
PASS Performance of ESMCI::LogErr::FoundError() 100000x Test, ESMC_LogErrPerfUTest.C, line 112
Beginning Test, file ESMC_LogErrPerfUTest.C, line 88
Beginning Test, file ESMC_LogErrPerfUTest.C, line 88NUMBER_OF_PROCESSORS 4
PASS Performance of ESMCI::LogErr::FoundError() 1000x Test, ESMC_LogErrPerfUTest.C, line 96
PASS Performance of ESMCI::LogErr::FoundError() 10000x Test, ESMC_LogErrPerfUTest.C, line 104
PASS Performance of ESMCI::LogErr::FoundError() 100000x Test, ESMC_LogErrPerfUTest.C, line 112
PASS Performance of ESMCI::LogErr::FoundError() 1000000x Test, ESMC_LogErrPerfUTest.C, line 120
PASS Performance of ESMCI::LogErr::FoundError() 1000000x Test, ESMC_LogErrPerfUTest.C, line 120
PASS Threshold check for ESMCI::LogErr::FoundError() 1000000x Test, ESMC_LogErrPerfUTest.C, line 130
PASS Threshold check for ESMCI::LogErr::FoundError() 1000000x Test, ESMC_LogErrPerfUTest.C, line 130
PASS Performance of ESMCI::LogErr::MsgFoundError() 1000x Test, ESMC_LogErrPerfUTest.C, line 138
PASS Performance of ESMCI::LogErr::MsgFoundError() 1000x Test, ESMC_LogErrPerfUTest.C, line 138
PASS Performance of ESMCI::LogErr::MsgFoundError() 10000x Test, ESMC_LogErrPerfUTest.C, line 146
PASS Performance of ESMCI::LogErr::MsgFoundError() 10000x Test, ESMC_LogErrPerfUTest.C, line 146
PASS Performance of ESMCI::LogErr::FoundError() 1000000x Test, ESMC_LogErrPerfUTest.C, line 120
PASS Threshold check for ESMCI::LogErr::FoundError() 1000000x Test, ESMC_LogErrPerfUTest.C, line 130
PASS Performance of ESMCI::LogErr::MsgFoundError() 1000x Test, ESMC_LogErrPerfUTest.C, line 138
PASS Performance of ESMCI::LogErr::MsgFoundError() 10000x Test, ESMC_LogErrPerfUTest.C, line 146
PASS Performance of ESMCI::LogErr::MsgFoundError() 100000x Test, ESMC_LogErrPerfUTest.C, line 154
PASS Performance of ESMCI::LogErr::MsgFoundError() 100000x Test, ESMC_LogErrPerfUTest.C, line 154
PASS Performance of ESMCI::LogErr::MsgFoundError() 100000x Test, ESMC_LogErrPerfUTest.C, line 154
PASS Performance of ESMCI::LogErr::FoundError() 1000000x Test, ESMC_LogErrPerfUTest.C, line 120
PASS Threshold check for ESMCI::LogErr::FoundError() 1000000x Test, ESMC_LogErrPerfUTest.C, line 130
PASS Performance of ESMCI::LogErr::MsgFoundError() 1000x Test, ESMC_LogErrPerfUTest.C, line 138
PASS Performance of ESMCI::LogErr::MsgFoundError() 10000x Test, ESMC_LogErrPerfUTest.C, line 146
PASS Performance of ESMCI::LogErr::MsgFoundError() 100000x Test, ESMC_LogErrPerfUTest.C, line 154
PASS Performance of ESMCI::LogErr::MsgFoundError() 1000000x Test, ESMC_LogErrPerfUTest.C, line 162
PASS Threshold check for ESMCI::LogErr::MsgFoundError() 1000000x Test, ESMC_LogErrPerfUTest.C, line 172
Ending Test, file ESMC_LogErrPerfUTest.C, line 176
PASS Performance of ESMCI::LogErr::MsgFoundError() 1000000x Test, ESMC_LogErrPerfUTest.C, line 162
PASS Threshold check for ESMCI::LogErr::MsgFoundError() 1000000x Test, ESMC_LogErrPerfUTest.C, line 172
Ending Test, file ESMC_LogErrPerfUTest.C, line 176
PASS Performance of ESMCI::LogErr::MsgFoundError() 1000000x Test, ESMC_LogErrPerfUTest.C, line 162
PASS Threshold check for ESMCI::LogErr::MsgFoundError() 1000000x Test, ESMC_LogErrPerfUTest.C, line 172
Ending Test, file ESMC_LogErrPerfUTest.C, line 176
PASS Performance of ESMCI::LogErr::MsgFoundError() 1000000x Test, ESMC_LogErrPerfUTest.C, line 162
PASS Threshold check for ESMCI::LogErr::MsgFoundError() 1000000x Test, ESMC_LogErrPerfUTest.C, line 172
Ending Test, file ESMC_LogErrPerfUTest.C, line 176
Ending Test, file ESMC_LogErrPerfUTest.C, line 176 PET 1 Test Elapsed Time 13.315 msec.
Ending Test, file ESMC_LogErrPerfUTest.C, line 176 PET 0 Test Elapsed Time 14.408 msec.
Ending Test, file ESMC_LogErrPerfUTest.C, line 176 PET 2 Test Elapsed Time 12.788 msec.
Ending Test, file ESMC_LogErrPerfUTest.C, line 176 PET 3 Test Elapsed Time 15.498 msec.
TOTCPU=05:23:44 ELAP=00:10:07 REQMEM=5875Mc REQCPUS=24 ALLOCCPUS=32 TIMELIMIT=02:30:00 PART=s4 ACCT=star
MAXRSS=4020K MAXVMSIZE=196896K
________________________________________________________________
Job Resource Usage Summary for 12168021

  CPU Time Used : 05:23:44
  Memory Used : 4020K
  Virtual Memory Used : 196896K
  Walltime Used : 00:10:07

  Memory Requested : 5875Mc (n=per node; c=per core)
  CPUs Requested / Allocated : 24 / 32
  Walltime Requested : 02:30:00

  Execution Queue : s4
  Head Node : 
  Charged to : star

  Job Stopped : Sun Feb 27 06:37:30 UTC 2022
_____________________________________________________________________

