build time -- 2022-02-17 06:27:04
  Beginning Test, file ESMF_ArrayRedistPerfUTest.F90, line 75
  NUMBER_OF_PROCESSORS           6
  Beginning Test, file ESMF_ArrayRedistPerfUTest.F90, line 75
  NUMBER_OF_PROCESSORS           6
  Beginning Test, file ESMF_ArrayRedistPerfUTest.F90, line 75
  NUMBER_OF_PROCESSORS           6
  Beginning Test, file ESMF_ArrayRedistPerfUTest.F90, line 75
  NUMBER_OF_PROCESSORS           6
  Beginning Test, file ESMF_ArrayRedistPerfUTest.F90, line 75
  NUMBER_OF_PROCESSORS           6
  Beginning Test, file ESMF_ArrayRedistPerfUTest.F90, line 75
  NUMBER_OF_PROCESSORS           6
  PASS  GridCreate on src side - Test, ESMF_ArrayRedistPerfUTest.F90, line 104
  PASS  GridCreate on src side - Test, ESMF_ArrayRedistPerfUTest.F90, line 104
  PASS  GridCreate on src side - Test, ESMF_ArrayRedistPerfUTest.F90, line 104
  PASS  GridCreate on src side - Test, ESMF_ArrayRedistPerfUTest.F90, line 104
  PASS  FieldCreate on src side - Test, ESMF_ArrayRedistPerfUTest.F90, line 111
  PASS  FieldCreate on src side - Test, ESMF_ArrayRedistPerfUTest.F90, line 111
  PASS  FieldCreate on src side - Test, ESMF_ArrayRedistPerfUTest.F90, line 111
  PASS  FieldCreate on src side - Test, ESMF_ArrayRedistPerfUTest.F90, line 111
  PASS  GridCreate on src side - Test, ESMF_ArrayRedistPerfUTest.F90, line 104
  PASS  GridCreate on src side - Test, ESMF_ArrayRedistPerfUTest.F90, line 104
  PASS  FieldFill on src side - Test, ESMF_ArrayRedistPerfUTest.F90, line 118
  PASS  Get srcArray - Test, ESMF_ArrayRedistPerfUTest.F90, line 125
  PASS  FieldCreate on src side - Test, ESMF_ArrayRedistPerfUTest.F90, line 111
  PASS  FieldFill on src side - Test, ESMF_ArrayRedistPerfUTest.F90, line 118
  PASS  Get srcArray - Test, ESMF_ArrayRedistPerfUTest.F90, line 125
  PASS  FieldCreate on src side - Test, ESMF_ArrayRedistPerfUTest.F90, line 111
  PASS  FieldFill on src side - Test, ESMF_ArrayRedistPerfUTest.F90, line 118
  PASS  Get srcArray - Test, ESMF_ArrayRedistPerfUTest.F90, line 125
  PASS  FieldFill on src side - Test, ESMF_ArrayRedistPerfUTest.F90, line 118
  PASS  Get srcArray - Test, ESMF_ArrayRedistPerfUTest.F90, line 125
  PASS  GridCreate on dst side - Test, ESMF_ArrayRedistPerfUTest.F90, line 136
  PASS  FieldCreate on dst side - Test, ESMF_ArrayRedistPerfUTest.F90, line 143
  PASS  FieldFill on dst side - Test, ESMF_ArrayRedistPerfUTest.F90, line 150
  PASS  Get dstArray - Test, ESMF_ArrayRedistPerfUTest.F90, line 157
  PASS  GridCreate on dst side - Test, ESMF_ArrayRedistPerfUTest.F90, line 136
  PASS  FieldCreate on dst side for tstArray - Test, ESMF_ArrayRedistPerfUTest.F
 90, line 164
  PASS  FieldCreate on dst side - Test, ESMF_ArrayRedistPerfUTest.F90, line 143
  PASS  FieldFill on dst side - Test, ESMF_ArrayRedistPerfUTest.F90, line 150
  PASS  Get dstArray - Test, ESMF_ArrayRedistPerfUTest.F90, line 157
  PASS  GridCreate on dst side - Test, ESMF_ArrayRedistPerfUTest.F90, line 136
  PASS  GridCreate on dst side - Test, ESMF_ArrayRedistPerfUTest.F90, line 136
  PASS  FieldCreate on dst side for tstArray - Test, ESMF_ArrayRedistPerfUTest.F
 90, line 164
  PASS  FieldCreate on dst side - Test, ESMF_ArrayRedistPerfUTest.F90, line 143
  PASS  FieldCreate on dst side - Test, ESMF_ArrayRedistPerfUTest.F90, line 143
  PASS  FieldFill on dst side - Test, ESMF_ArrayRedistPerfUTest.F90, line 150
  PASS  Get dstArray - Test, ESMF_ArrayRedistPerfUTest.F90, line 157
  PASS  FieldFill on dst side - Test, ESMF_ArrayRedistPerfUTest.F90, line 150
  PASS  Get dstArray - Test, ESMF_ArrayRedistPerfUTest.F90, line 157
  PASS  FieldCreate on dst side for tstArray - Test, ESMF_ArrayRedistPerfUTest.F
 90, line 164
  PASS  FieldCreate on dst side for tstArray - Test, ESMF_ArrayRedistPerfUTest.F
 90, line 164
  PASS  FieldFill on src side - Test, ESMF_ArrayRedistPerfUTest.F90, line 118
  PASS  Get srcArray - Test, ESMF_ArrayRedistPerfUTest.F90, line 125
  PASS  FieldFill on src side - Test, ESMF_ArrayRedistPerfUTest.F90, line 118
  PASS  Get srcArray - Test, ESMF_ArrayRedistPerfUTest.F90, line 125
  PASS  FieldFill on dst side for tstArray - Test, ESMF_ArrayRedistPerfUTest.F90
 , line 171
  PASS  Get tstArray - Test, ESMF_ArrayRedistPerfUTest.F90, line 178
  PASS  GridCreate on dst side - Test, ESMF_ArrayRedistPerfUTest.F90, line 136
  PASS  FieldCreate on dst side - Test, ESMF_ArrayRedistPerfUTest.F90, line 143
  PASS  GridCreate on dst side - Test, ESMF_ArrayRedistPerfUTest.F90, line 136
  PASS  FieldFill on dst side - Test, ESMF_ArrayRedistPerfUTest.F90, line 150
  PASS  Get dstArray - Test, ESMF_ArrayRedistPerfUTest.F90, line 157
  PASS  FieldCreate on dst side - Test, ESMF_ArrayRedistPerfUTest.F90, line 143
  PASS  FieldFill on dst side for tstArray - Test, ESMF_ArrayRedistPerfUTest.F90
 , line 171
  PASS  Get tstArray - Test, ESMF_ArrayRedistPerfUTest.F90, line 178
  PASS  FieldCreate on dst side for tstArray - Test, ESMF_ArrayRedistPerfUTest.F
 90, line 164
  PASS  FieldFill on dst side for tstArray - Test, ESMF_ArrayRedistPerfUTest.F90
 , line 171
  PASS  Get tstArray - Test, ESMF_ArrayRedistPerfUTest.F90, line 178
  PASS  FieldFill on dst side - Test, ESMF_ArrayRedistPerfUTest.F90, line 150
  PASS  Get dstArray - Test, ESMF_ArrayRedistPerfUTest.F90, line 157
  PASS  FieldFill on dst side for tstArray - Test, ESMF_ArrayRedistPerfUTest.F90
 , line 171
  PASS  Get tstArray - Test, ESMF_ArrayRedistPerfUTest.F90, line 178
  PASS  FieldCreate on dst side for tstArray - Test, ESMF_ArrayRedistPerfUTest.F
 90, line 164
  PASS  FieldFill on dst side for tstArray - Test, ESMF_ArrayRedistPerfUTest.F90
 , line 171
  PASS  Get tstArray - Test, ESMF_ArrayRedistPerfUTest.F90, line 178
  PASS  FieldFill on dst side for tstArray - Test, ESMF_ArrayRedistPerfUTest.F90
 , line 171
  PASS  Get tstArray - Test, ESMF_ArrayRedistPerfUTest.F90, line 178
  PASS  ArrayRedistStore() - Test, ESMF_ArrayRedistPerfUTest.F90, line 188
  PASS  ArrayRedistStore() - Test, ESMF_ArrayRedistPerfUTest.F90, line 188
  PASS  ArrayRedistStore() - Test, ESMF_ArrayRedistPerfUTest.F90, line 188
  PASS  ArrayRedistStore() - Test, ESMF_ArrayRedistPerfUTest.F90, line 188
  PASS  ArrayRedistStore() - Test, ESMF_ArrayRedistPerfUTest.F90, line 188
  PASS  ArrayRedistStore() - Test, ESMF_ArrayRedistPerfUTest.F90, line 188
  PASS  ArrayRedist() - Test, ESMF_ArrayRedistPerfUTest.F90, line 198
  PASS  Get data pointer into dstArray - Test, ESMF_ArrayRedistPerfUTest.F90, li
 ne 205
  PASS  Get data pointer into tstArray - Test, ESMF_ArrayRedistPerfUTest.F90, li
 ne 212
  PASS  ArrayRedist() - Test, ESMF_ArrayRedistPerfUTest.F90, line 198
  PASS  Get data pointer into dstArray - Test, ESMF_ArrayRedistPerfUTest.F90, li
 ne 205
  PASS  ArrayRedist() - Test, ESMF_ArrayRedistPerfUTest.F90, line 198
  PASS  Get data pointer into dstArray - Test, ESMF_ArrayRedistPerfUTest.F90, li
 ne 205
  PASS  Get data pointer into tstArray - Test, ESMF_ArrayRedistPerfUTest.F90, li
 ne 212
  PASS  ArrayRedist() - Test, ESMF_ArrayRedistPerfUTest.F90, line 198
  PASS  Get data pointer into dstArray - Test, ESMF_ArrayRedistPerfUTest.F90, li
 ne 205
  PASS  Get data pointer into tstArray - Test, ESMF_ArrayRedistPerfUTest.F90, li
 ne 212
  PASS  Get data pointer into tstArray - Test, ESMF_ArrayRedistPerfUTest.F90, li
 ne 212
  PASS  ArrayRedist() - Test, ESMF_ArrayRedistPerfUTest.F90, line 198
  PASS  Get data pointer into dstArray - Test, ESMF_ArrayRedistPerfUTest.F90, li
 ne 205
  PASS  Get data pointer into tstArray - Test, ESMF_ArrayRedistPerfUTest.F90, li
 ne 212
  PASS  Check dst data - Test, ESMF_ArrayRedistPerfUTest.F90, line 229
  PASS  Check ArrayRedistStore() performance - Test, ESMF_ArrayRedistPerfUTest.F
 90, line 243
  PASS  Check ArrayRedist() performance - Test, ESMF_ArrayRedistPerfUTest.F90, l
 ine 257
  Ending Test, file ESMF_ArrayRedistPerfUTest.F90, line 266
  PASS  Check dst data - Test, ESMF_ArrayRedistPerfUTest.F90, line 229
  PASS  Check ArrayRedistStore() performance - Test, ESMF_ArrayRedistPerfUTest.F
 90, line 243
  PASS  Check ArrayRedist() performance - Test, ESMF_ArrayRedistPerfUTest.F90, l
 ine 257
  Ending Test, file ESMF_ArrayRedistPerfUTest.F90, line 266
  PASS  Check dst data - Test, ESMF_ArrayRedistPerfUTest.F90, line 229
  PASS  Check ArrayRedistStore() performance - Test, ESMF_ArrayRedistPerfUTest.F
 90, line 243
  PASS  ArrayRedist() - Test, ESMF_ArrayRedistPerfUTest.F90, line 198
  PASS  Check dst data - Test, ESMF_ArrayRedistPerfUTest.F90, line 229
  PASS  Check ArrayRedistStore() performance - Test, ESMF_ArrayRedistPerfUTest.F
 90, line 243
  PASS  Check ArrayRedist() performance - Test, ESMF_ArrayRedistPerfUTest.F90, l
 ine 257
  Ending Test, file ESMF_ArrayRedistPerfUTest.F90, line 266
  PASS  Check dst data - Test, ESMF_ArrayRedistPerfUTest.F90, line 229
  PASS  Check ArrayRedistStore() performance - Test, ESMF_ArrayRedistPerfUTest.F
 90, line 243
  PASS  Check ArrayRedist() performance - Test, ESMF_ArrayRedistPerfUTest.F90, l
 ine 257
  Ending Test, file ESMF_ArrayRedistPerfUTest.F90, line 266
  PASS  Check ArrayRedist() performance - Test, ESMF_ArrayRedistPerfUTest.F90, l
 ine 257
  Ending Test, file ESMF_ArrayRedistPerfUTest.F90, line 266
  PASS  Get data pointer into dstArray - Test, ESMF_ArrayRedistPerfUTest.F90, li
 ne 205
  PASS  Get data pointer into tstArray - Test, ESMF_ArrayRedistPerfUTest.F90, li
 ne 212
  PASS  Check dst data - Test, ESMF_ArrayRedistPerfUTest.F90, line 229
  PASS  Check ArrayRedistStore() performance - Test, ESMF_ArrayRedistPerfUTest.F
 90, line 243
  PASS  Check ArrayRedist() performance - Test, ESMF_ArrayRedistPerfUTest.F90, l
 ine 257
  Ending Test, file ESMF_ArrayRedistPerfUTest.F90, line 266
  PET           5  Test Elapsed Time    489.477000000000       msec.
  PET           0  Test Elapsed Time    488.900000000000       msec.
  PET           2  Test Elapsed Time    489.731000000000       msec.
  PET           1  Test Elapsed Time    489.919000000000       msec.
  PET           3  Test Elapsed Time    490.455000000000       msec.
  PET           4  Test Elapsed Time    490.530000000000       msec.
TOTCPU=08:54:56 ELAP=00:16:43 REQMEM=5875Mc REQCPUS=24 ALLOCCPUS=32 TIMELIMIT=02:30:00 PART=s4 ACCT=star
MAXRSS=0 MAXVMSIZE=196896K
________________________________________________________________
Job Resource Usage Summary for 11995270

  CPU Time Used : 08:54:56
  Memory Used : 0
  Virtual Memory Used : 196896K
  Walltime Used : 00:16:43

  Memory Requested : 5875Mc (n=per node; c=per core)
  CPUs Requested / Allocated : 24 / 32
  Walltime Requested : 02:30:00

  Execution Queue : s4
  Head Node : 
  Charged to : star

  Job Stopped : Thu Feb 17 06:43:47 UTC 2022
_____________________________________________________________________

