build time -- 2021-10-28 02:28:28
Beginning Test, file ESMC_ArrayUTest.C, line 46
NUMBER_OF_PROCESSORS 4
PASS ArraySpecSet, ESMC_ArrayUTest.C, line 55
PASS Set up minIndex, ESMC_ArrayUTest.C, line 65
PASS Set up maxIndex, ESMC_ArrayUTest.C, line 76
--- ESMCI::Array::print start ---
 Base name    = array1
 Status: Base = Ready,  object = Ready
 Proxy        = no
 Root Info (Attributes):
{}Array typekind/rank: Integer*4 / 2 
~ lower class' values ~
DistGrid dimCount = 2
deCount = 4
localDeCount = 1
~ local data in LocalArray for DE 0 ~
LocalArrayPrint: Array at address 0x1432c10:
            rank = 2, typekind = 3, base_addr = 0x1432f40
            dim[0] = 2  dim[1] = 10  
  Integer, *4, Dim 2, Data values:
( 1, 1) =  1535842232
( 2, 1) =  32703
( 1, 2) =  1535842232
( 2, 2) =  32703
( 1, 3) =  0
--- ESMCI::Array::print start ---
 Base name    = array1
 Status: Base = Ready,  object = Ready
 Proxy        = no
 Root Info (Attributes):
{}Array typekind/rank: Integer*4 / 2 
~ lower class' values ~
DistGrid dimCount = 2
deCount = 4
localDeCount = 1
~ local data in LocalArray for DE 1 ~
LocalArrayPrint: Array at address 0x27de090:
            rank = 2, typekind = 3, base_addr = 0x27dda50
            dim[0] = 1  dim[1] = 10  
  Integer, *4, Dim 2, Data values:
( 1, 1) =  41802224
( 1, 2) =  0
( 1, 3) =  1
( 1, 4) =  2
( 1, 5) =  0
( 1, 6) =  0
( 1, 7) =  0
( 1, 8) =  0
( 1, 9) =  0
( 1,10) =  0
dim 1: [0]: [1 [1 [1, 1] 1] 1]
dim 2: [1]: [1 [1 [1, 10] 10] 10]
--- ESMCI::Array::print end ---
Beginning Test, file ESMC_ArrayUTest.C, line 46
NUMBER_OF_PROCESSORS 4
PASS ArraySpecSet, ESMC_ArrayUTest.C, line 55
PASS Set up minIndex, ESMC_ArrayUTest.C, line 65
PASS Set up maxIndex, ESMC_ArrayUTest.C, line 76
PASS Create 5 x 10 ESMC_DistGrid object, ESMC_ArrayUTest.C, line 84
PASS Create ESMC_Array object, ESMC_ArrayUTest.C, line 96
Beginning Test, file ESMC_ArrayUTest.C, line 46
NUMBER_OF_PROCESSORS 4
PASS ArraySpecSet, ESMC_ArrayUTest.C, line 55
PASS Set up minIndex, ESMC_ArrayUTest.C, line 65
PASS Set up maxIndex, ESMC_ArrayUTest.C, line 76
PASS Create 5 x 10 ESMC_DistGrid object, ESMC_ArrayUTest.C, line 84
PASS Create ESMC_Array object, ESMC_ArrayUTest.C, line 96
PASS Print ESMC_Array object, ESMC_ArrayUTest.C, line 104
PASS Destroy ESMC_DistGrid object, ESMC_ArrayUTest.C, line 112
PASS Create 5 x 10 ESMC_DistGrid object, ESMC_ArrayUTest.C, line 84
PASS Create ESMC_Array object, ESMC_ArrayUTest.C, line 96
PASS Print ESMC_Array object, ESMC_ArrayUTest.C, line 104
PASS Destroy ESMC_DistGrid object, ESMC_ArrayUTest.C, line 112
PASS Destroy ESMC_Array object, ESMC_ArrayUTest.C, line 120
Ending Test, file ESMC_ArrayUTest.C, line 124
--- ESMCI::Array::print start ---
 Base name    = array1
 Status: Base = Ready,  object = Ready
 Proxy        = no
 Root Info (Attributes):
{}Array typekind/rank: Integer*4 / 2 
~ lower class' values ~
DistGrid dimCount = 2
deCount = 4
localDeCount = 1
~ local data in LocalArray for DE 2 ~
LocalArrayPrint: Array at address 0xd37660:
            rank = 2, typekind = 3, base_addr = 0xd37020
            dim[0] = 1  dim[1] = 10  
  Integer, *4, Dim 2, Data values:
( 1, 1) =  13856704
( 1, 2) =  0
( 1, 3) =  1
( 1, 4) =  2
( 1, 5) =  0
( 1, 6) =  0
( 1, 7) =  0
( 1, 8) =  0
( 1, 9) =  0
( 1,10) =  0
dim 1: [0]: [1 [1 [1, 1] 1] 1]
dim 2: [1]: [1 [1 [1, 10] 10] 10]
--- ESMCI::Array::print end ---
( 2, 3) =  0
( 1, 4) =  0
( 2, 4) =  0
( 1, 5) =  21180296
( 2, 5) =  0
( 1, 6) =  1208895024
( 2, 6) =  32703
( 1, 7) =  1073741824
( 2, 7) =  0
( 1, 8) =  21027008
( 2, 8) =  0
( 1, 9) =  0
( 2, 9) =  0
( 1,10) =  21180336
( 2,10) =  0
dim 1: [0]: [1 [1 [1, 2] 2] 2]
dim 2: [1]: [1 [1 [1, 10] 10] 10]
--- ESMCI::Array::print end ---
PASS Destroy ESMC_Array object, ESMC_ArrayUTest.C, line 120
Ending Test, file ESMC_ArrayUTest.C, line 124
PASS Print ESMC_Array object, ESMC_ArrayUTest.C, line 104
PASS Destroy ESMC_DistGrid object, ESMC_ArrayUTest.C, line 112
PASS Destroy ESMC_Array object, ESMC_ArrayUTest.C, line 120
Ending Test, file ESMC_ArrayUTest.C, line 124
Beginning Test, file ESMC_ArrayUTest.C, line 46
NUMBER_OF_PROCESSORS 4
PASS ArraySpecSet, ESMC_ArrayUTest.C, line 55
PASS Set up minIndex, ESMC_ArrayUTest.C, line 65
PASS Set up maxIndex, ESMC_ArrayUTest.C, line 76
PASS Create 5 x 10 ESMC_DistGrid object, ESMC_ArrayUTest.C, line 84
PASS Create ESMC_Array object, ESMC_ArrayUTest.C, line 96
--- ESMCI::Array::print start ---
 Base name    = array1
 Status: Base = Ready,  object = Ready
 Proxy        = no
 Root Info (Attributes):
{}Array typekind/rank: Integer*4 / 2 
~ lower class' values ~
DistGrid dimCount = 2
deCount = 4
localDeCount = 1
~ local data in LocalArray for DE 3 ~
LocalArrayPrint: Array at address 0xe45c90:
            rank = 2, typekind = 3, base_addr = 0xe45650
            dim[0] = 1  dim[1] = 10  
  Integer, *4, Dim 2, Data values:
( 1, 1) =  14964208
( 1, 2) =  0
( 1, 3) =  1
( 1, 4) =  2
( 1, 5) =  0
( 1, 6) =  0
( 1, 7) =  0
( 1, 8) =  0
( 1, 9) =  0
( 1,10) =  0
dim 1: [0]: [1 [1 [1, 1] 1] 1]
dim 2: [1]: [1 [1 [1, 10] 10] 10]
--- ESMCI::Array::print end ---
PASS Print ESMC_Array object, ESMC_ArrayUTest.C, line 104
PASS Destroy ESMC_DistGrid object, ESMC_ArrayUTest.C, line 112
PASS Destroy ESMC_Array object, ESMC_ArrayUTest.C, line 120
Ending Test, file ESMC_ArrayUTest.C, line 124
 PET 0 Test Elapsed Time  105.393000 msec.
 PET 2 Test Elapsed Time  105.463000 msec.
 PET 1 Test Elapsed Time  105.577000 msec.
 PET 3 Test Elapsed Time  43.533000 msec.
