build time -- 2022-01-16 01:48:48.404890
Name: MyArrayBundle	  Convention: customconvention2	  Purpose: custompurpose2	


