build time -- 2021-10-22 10:57:34
 System Test FieldRedist:
 System Test FieldRedist:
 System Test FieldRedist:
 System Test FieldRedist:
 System Test FieldRedist:
 System Test FieldRedist:
forrtl: severe (174): SIGSEGV, segmentation fault occurred
Image              PC                Routine            Line        Source             
ESMF_FieldRedistS  000000010EF76DD4  for__signal_handl     Unknown  Unknown
libsystem_platfor  00007FFF666F8B5D  _sigtramp             Unknown  Unknown
libmpi.40.dylib    00000001117CC2A1  MPI_Comm_rank         Unknown  Unknown
libesmf.dylib      000000010FB21062  _ZN5ESMCI3VMK4ini     Unknown  Unknown
libesmf.dylib      000000010FAFDDA5  _ZN5ESMCI2VM10ini     Unknown  Unknown
libesmf.dylib      000000010FB2B615  c_esmc_vminitiali     Unknown  Unknown
libesmf.dylib      0000000110316220  esmf_vmmod_mp_esm     Unknown  Unknown
libesmf.dylib      00000001101AF396  esmf_initmod_mp_e     Unknown  Unknown
libesmf.dylib      00000001101B1A68  esmf_initmod_mp_e     Unknown  Unknown
ESMF_FieldRedistS  000000010EF4E028  MAIN__                Unknown  Unknown
ESMF_FieldRedistS  000000010EF4DDCE  main                  Unknown  Unknown
forrtl: severe (174): SIGSEGV, segmentation fault occurred
Image              PC                Routine            Line        Source             
ESMF_FieldRedistS  000000010F614DD4  for__signal_handl     Unknown  Unknown
libsystem_platfor  00007FFF666F8B5D  _sigtramp             Unknown  Unknown
libmpi.40.dylib    000000010FA012A1  MPI_Comm_rank         Unknown  Unknown
libesmf.dylib      00000001115CD062  _ZN5ESMCI3VMK4ini     Unknown  Unknown
libesmf.dylib      00000001115A9DA5  _ZN5ESMCI2VM10ini     Unknown  Unknown
libesmf.dylib      00000001115D7615  c_esmc_vminitiali     Unknown  Unknown
libesmf.dylib      0000000111DC2220  esmf_vmmod_mp_esm     Unknown  Unknown
libesmf.dylib      0000000111C5B396  esmf_initmod_mp_e     Unknown  Unknown
libesmf.dylib      0000000111C5DA68  esmf_initmod_mp_e     Unknown  Unknown
ESMF_FieldRedistS  000000010F5EC028  MAIN__                Unknown  Unknown
ESMF_FieldRedistS  000000010F5EBDCE  main                  Unknown  Unknown
forrtl: severe (174): SIGSEGV, segmentation fault occurred
Image              PC                Routine            Line        Source             
ESMF_FieldRedistS  0000000101992DD4  for__signal_handl     Unknown  Unknown
libsystem_platfor  00007FFF666F8B5D  _sigtramp             Unknown  Unknown
libmpi.40.dylib    00000001043242A1  MPI_Comm_rank         Unknown  Unknown
libesmf.dylib      00000001026B3062  _ZN5ESMCI3VMK4ini     Unknown  Unknown
libesmf.dylib      000000010268FDA5  _ZN5ESMCI2VM10ini     Unknown  Unknown
libesmf.dylib      00000001026BD615  c_esmc_vminitiali     Unknown  Unknown
libesmf.dylib      0000000102EA8220  esmf_vmmod_mp_esm     Unknown  Unknown
libesmf.dylib      0000000102D41396  esmf_initmod_mp_e     Unknown  Unknown
libesmf.dylib      0000000102D43A68  esmf_initmod_mp_e     Unknown  Unknown
ESMF_FieldRedistS  000000010196A028  MAIN__                Unknown  Unknown
ESMF_FieldRedistS  0000000101969DCE  main                  Unknown  Unknown
forrtl: severe (174): SIGSEGV, segmentation fault occurred
Image              PC                Routine            Line        Source             
ESMF_FieldRedistS  0000000106E01DD4  for__signal_handl     Unknown  Unknown
libsystem_platfor  00007FFF666F8B5D  _sigtramp             Unknown  Unknown
libmpi.40.dylib    00000001096552A1  MPI_Comm_rank         Unknown  Unknown
libesmf.dylib      00000001079A6062  _ZN5ESMCI3VMK4ini     Unknown  Unknown
libesmf.dylib      0000000107982DA5  _ZN5ESMCI2VM10ini     Unknown  Unknown
libesmf.dylib      00000001079B0615  c_esmc_vminitiali     Unknown  Unknown
libesmf.dylib      000000010819B220  esmf_vmmod_mp_esm     Unknown  Unknown
libesmf.dylib      0000000108034396  esmf_initmod_mp_e     Unknown  Unknown
libesmf.dylib      0000000108036A68  esmf_initmod_mp_e     Unknown  Unknown
ESMF_FieldRedistS  0000000106DD9028  MAIN__                Unknown  Unknown
ESMF_FieldRedistS  0000000106DD8DCE  main                  Unknown  Unknown
forrtl: severe (174): SIGSEGV, segmentation fault occurred
Image              PC                Routine            Line        Source             
ESMF_FieldRedistS  0000000101BF6DD4  for__signal_handl     Unknown  Unknown
libsystem_platfor  00007FFF666F8B5D  _sigtramp             Unknown  Unknown
libmpi.40.dylib    00000001044512A1  MPI_Comm_rank         Unknown  Unknown
libesmf.dylib      00000001027A2062  _ZN5ESMCI3VMK4ini     Unknown  Unknown
libesmf.dylib      000000010277EDA5  _ZN5ESMCI2VM10ini     Unknown  Unknown
libesmf.dylib      00000001027AC615  c_esmc_vminitiali     Unknown  Unknown
libesmf.dylib      0000000102F97220  esmf_vmmod_mp_esm     Unknown  Unknown
libesmf.dylib      0000000102E30396  esmf_initmod_mp_e     Unknown  Unknown
libesmf.dylib      0000000102E32A68  esmf_initmod_mp_e     Unknown  Unknown
ESMF_FieldRedistS  0000000101BCE028  MAIN__                Unknown  Unknown
ESMF_FieldRedistS  0000000101BCDDCE  main                  Unknown  Unknown
forrtl: severe (174): SIGSEGV, segmentation fault occurred
Image              PC                Routine            Line        Source             
ESMF_FieldRedistS  000000010FCE1DD4  for__signal_handl     Unknown  Unknown
libsystem_platfor  00007FFF666F8B5D  _sigtramp             Unknown  Unknown
libmpi.40.dylib    00000001125402A1  MPI_Comm_rank         Unknown  Unknown
libesmf.dylib      000000011088C062  _ZN5ESMCI3VMK4ini     Unknown  Unknown
libesmf.dylib      0000000110868DA5  _ZN5ESMCI2VM10ini     Unknown  Unknown
libesmf.dylib      0000000110896615  c_esmc_vminitiali     Unknown  Unknown
libesmf.dylib      0000000111081220  esmf_vmmod_mp_esm     Unknown  Unknown
libesmf.dylib      0000000110F1A396  esmf_initmod_mp_e     Unknown  Unknown
libesmf.dylib      0000000110F1CA68  esmf_initmod_mp_e     Unknown  Unknown
ESMF_FieldRedistS  000000010FCB9028  MAIN__                Unknown  Unknown
ESMF_FieldRedistS  000000010FCB8DCE  main                  Unknown  Unknown
