build time -- 2021-10-18 13:48:19
Name: fieldbundle	  Convention: customconvention2	  Purpose: custompurpose2	


