build time -- 2021-10-29 04:13:38.259306
Beginning Test, file ESMC_MBMeshRegridUTest.C, line 60
NUMBER_OF_PROCESSORS 4
Beginning Test, file ESMC_MBMeshRegridUTest.C, line 60
NUMBER_OF_PROCESSORS 4
Beginning Test, file ESMC_MBMeshRegridUTest.C, line 60
NUMBER_OF_PROCESSORS 4
Beginning Test, file ESMC_MBMeshRegridUTest.C, line 60
NUMBER_OF_PROCESSORS 4
PASS MBMesh - regrid_rendezvous_center - quad_2d_cart, ESMC_MBMeshRegridUTest.C, line 145
PASS MBMesh - regrid_rendezvous_center - quad_2d_cart, ESMC_MBMeshRegridUTest.C, line 145
PASS MBMesh - regrid_rendezvous_center - quad_2d_cart, ESMC_MBMeshRegridUTest.C, line 145
PASS MBMesh - regrid_rendezvous_center - quad_2d_cart, ESMC_MBMeshRegridUTest.C, line 145
PASS MBMesh - regrid_rendezvous_center - quad_2d_sph, ESMC_MBMeshRegridUTest.C, line 145
PASS MBMesh - regrid_rendezvous_center - quad_2d_sph, ESMC_MBMeshRegridUTest.C, line 145
PASS MBMesh - regrid_rendezvous_center - quad_2d_sph, ESMC_MBMeshRegridUTest.C, line 145
PASS MBMesh - regrid_rendezvous_center - quad_2d_sph, ESMC_MBMeshRegridUTest.C, line 145
PASS MBMesh - regrid_rendezvous_center - tri_2d_cart, ESMC_MBMeshRegridUTest.C, line 145
PASS MBMesh - regrid_rendezvous_center - tri_2d_cart, ESMC_MBMeshRegridUTest.C, line 145
PASS MBMesh - regrid_rendezvous_center - tri_2d_cart, ESMC_MBMeshRegridUTest.C, line 145
PASS MBMesh - regrid_rendezvous_center - tri_2d_cart, ESMC_MBMeshRegridUTest.C, line 145
PASS MBMesh - regrid_rendezvous_center - tri_2d_sph, ESMC_MBMeshRegridUTest.C, line 145
PASS MBMesh - regrid_rendezvous_center - tri_2d_sph, ESMC_MBMeshRegridUTest.C, line 145
PASS MBMesh - regrid_rendezvous_center - tri_2d_sph, ESMC_MBMeshRegridUTest.C, line 145
PASS MBMesh - regrid_rendezvous_center - tri_2d_sph, ESMC_MBMeshRegridUTest.C, line 145
PASS MBMesh - regrid_rendezvous_center - hex_3d_cart, ESMC_MBMeshRegridUTest.C, line 145
PASS MBMesh - regrid_rendezvous_center - hex_3d_cart, ESMC_MBMeshRegridUTest.C, line 145
PASS MBMesh - regrid_rendezvous_center - hex_3d_cart, ESMC_MBMeshRegridUTest.C, line 145
PASS MBMesh - regrid_rendezvous_center - hex_3d_cart, ESMC_MBMeshRegridUTest.C, line 145
PASS MBMesh - regrid_rendezvous_center - hex_3d_sph, ESMC_MBMeshRegridUTest.C, line 145
PASS MBMesh - regrid_rendezvous_center - hex_3d_sph, ESMC_MBMeshRegridUTest.C, line 145
PASS MBMesh - regrid_rendezvous_center - hex_3d_sph, ESMC_MBMeshRegridUTest.C, line 145
PASS MBMesh - regrid_rendezvous_center - hex_3d_sph, ESMC_MBMeshRegridUTest.C, line 145
PASS MBMesh - regrid_rendezvous_center - mix_2d_cart, ESMC_MBMeshRegridUTest.C, line 145
PASS MBMesh - regrid_rendezvous_center - mix_2d_cart, ESMC_MBMeshRegridUTest.C, line 145
PASS MBMesh - regrid_rendezvous_center - mix_2d_cart, ESMC_MBMeshRegridUTest.C, line 145
PASS MBMesh - regrid_rendezvous_center - mix_2d_cart, ESMC_MBMeshRegridUTest.C, line 145
PASS MBMesh - regrid_rendezvous_center - mix_2d_sph, ESMC_MBMeshRegridUTest.C, line 145
PASS MBMesh - regrid_rendezvous_center - mix_2d_sph, ESMC_MBMeshRegridUTest.C, line 145
PASS MBMesh - regrid_rendezvous_center - mix_2d_sph, ESMC_MBMeshRegridUTest.C, line 145
PASS MBMesh - regrid_rendezvous_center - mix_2d_sph, ESMC_MBMeshRegridUTest.C, line 145
PASS MBMesh - regrid_rendezvous_corner - quad_2d_cart, ESMC_MBMeshRegridUTest.C, line 145
PASS MBMesh - regrid_rendezvous_corner - quad_2d_cart, ESMC_MBMeshRegridUTest.C, line 145
PASS MBMesh - regrid_rendezvous_corner - quad_2d_cart, ESMC_MBMeshRegridUTest.C, line 145
PASS MBMesh - regrid_rendezvous_corner - quad_2d_cart, ESMC_MBMeshRegridUTest.C, line 145
PASS MBMesh - regrid_rendezvous_corner - quad_2d_sph, ESMC_MBMeshRegridUTest.C, line 145
PASS MBMesh - regrid_rendezvous_corner - quad_2d_sph, ESMC_MBMeshRegridUTest.C, line 145
PASS MBMesh - regrid_rendezvous_corner - quad_2d_sph, ESMC_MBMeshRegridUTest.C, line 145
PASS MBMesh - regrid_rendezvous_corner - quad_2d_sph, ESMC_MBMeshRegridUTest.C, line 145
PASS MBMesh - regrid_rendezvous_corner - tri_2d_cart, ESMC_MBMeshRegridUTest.C, line 145
PASS MBMesh - regrid_rendezvous_corner - tri_2d_cart, ESMC_MBMeshRegridUTest.C, line 145
PASS MBMesh - regrid_rendezvous_corner - tri_2d_cart, ESMC_MBMeshRegridUTest.C, line 145
PASS MBMesh - regrid_rendezvous_corner - tri_2d_cart, ESMC_MBMeshRegridUTest.C, line 145
PASS MBMesh - regrid_rendezvous_corner - tri_2d_sph, ESMC_MBMeshRegridUTest.C, line 145
PASS MBMesh - regrid_rendezvous_corner - tri_2d_sph, ESMC_MBMeshRegridUTest.C, line 145
PASS MBMesh - regrid_rendezvous_corner - tri_2d_sph, ESMC_MBMeshRegridUTest.C, line 145
PASS MBMesh - regrid_rendezvous_corner - tri_2d_sph, ESMC_MBMeshRegridUTest.C, line 145
PASS MBMesh - regrid_rendezvous_corner - hex_3d_cart, ESMC_MBMeshRegridUTest.C, line 145
PASS MBMesh - regrid_rendezvous_corner - hex_3d_cart, ESMC_MBMeshRegridUTest.C, line 145
PASS MBMesh - regrid_rendezvous_corner - hex_3d_cart, ESMC_MBMeshRegridUTest.C, line 145
PASS MBMesh - regrid_rendezvous_corner - hex_3d_cart, ESMC_MBMeshRegridUTest.C, line 145
PASS MBMesh - regrid_rendezvous_corner - hex_3d_sph, ESMC_MBMeshRegridUTest.C, line 145
PASS MBMesh - regrid_rendezvous_corner - hex_3d_sph, ESMC_MBMeshRegridUTest.C, line 145
PASS MBMesh - regrid_rendezvous_corner - hex_3d_sph, ESMC_MBMeshRegridUTest.C, line 145
PASS MBMesh - regrid_rendezvous_corner - hex_3d_sph, ESMC_MBMeshRegridUTest.C, line 145
PASS MBMesh - regrid_rendezvous_corner - mix_2d_cart, ESMC_MBMeshRegridUTest.C, line 145
PASS MBMesh - regrid_rendezvous_corner - mix_2d_cart, ESMC_MBMeshRegridUTest.C, line 145
PASS MBMesh - regrid_rendezvous_corner - mix_2d_cart, ESMC_MBMeshRegridUTest.C, line 145
PASS MBMesh - regrid_rendezvous_corner - mix_2d_cart, ESMC_MBMeshRegridUTest.C, line 145
PASS MBMesh - regrid_rendezvous_corner - mix_2d_sph, ESMC_MBMeshRegridUTest.C, line 145
PASS MBMesh - regrid_rendezvous_corner - mix_2d_sph, ESMC_MBMeshRegridUTest.C, line 145
PASS MBMesh - regrid_rendezvous_corner - mix_2d_sph, ESMC_MBMeshRegridUTest.C, line 145
PASS MBMesh - regrid_rendezvous_corner - mix_2d_sph, ESMC_MBMeshRegridUTest.C, line 145
PASS MBMesh - regrid_search_center - quad_2d_cart, ESMC_MBMeshRegridUTest.C, line 145
PASS MBMesh - regrid_search_center - quad_2d_cart, ESMC_MBMeshRegridUTest.C, line 145
PASS MBMesh - regrid_search_center - quad_2d_cart, ESMC_MBMeshRegridUTest.C, line 145
PASS MBMesh - regrid_search_center - quad_2d_cart, ESMC_MBMeshRegridUTest.C, line 145
PASS MBMesh - regrid_search_center - quad_2d_sph, ESMC_MBMeshRegridUTest.C, line 145
PASS MBMesh - regrid_search_center - quad_2d_sph, ESMC_MBMeshRegridUTest.C, line 145
PASS MBMesh - regrid_search_center - quad_2d_sph, ESMC_MBMeshRegridUTest.C, line 145
PASS MBMesh - regrid_search_center - quad_2d_sph, ESMC_MBMeshRegridUTest.C, line 145
PASS MBMesh - regrid_search_center - tri_2d_cart, ESMC_MBMeshRegridUTest.C, line 145
PASS MBMesh - regrid_search_center - tri_2d_cart, ESMC_MBMeshRegridUTest.C, line 145
PASS MBMesh - regrid_search_center - tri_2d_cart, ESMC_MBMeshRegridUTest.C, line 145
PASS MBMesh - regrid_search_center - tri_2d_cart, ESMC_MBMeshRegridUTest.C, line 145
PASS MBMesh - regrid_search_center - tri_2d_sph, ESMC_MBMeshRegridUTest.C, line 145
PASS MBMesh - regrid_search_center - tri_2d_sph, ESMC_MBMeshRegridUTest.C, line 145
PASS MBMesh - regrid_search_center - tri_2d_sph, ESMC_MBMeshRegridUTest.C, line 145
PASS MBMesh - regrid_search_center - tri_2d_sph, ESMC_MBMeshRegridUTest.C, line 145
PASS MBMesh - regrid_search_center - hex_3d_cart, ESMC_MBMeshRegridUTest.C, line 145
PASS MBMesh - regrid_search_center - hex_3d_cart, ESMC_MBMeshRegridUTest.C, line 145
PASS MBMesh - regrid_search_center - hex_3d_cart, ESMC_MBMeshRegridUTest.C, line 145
PASS MBMesh - regrid_search_center - hex_3d_cart, ESMC_MBMeshRegridUTest.C, line 145
PASS MBMesh - regrid_search_center - hex_3d_sph, ESMC_MBMeshRegridUTest.C, line 145
PASS MBMesh - regrid_search_center - hex_3d_sph, ESMC_MBMeshRegridUTest.C, line 145
PASS MBMesh - regrid_search_center - hex_3d_sph, ESMC_MBMeshRegridUTest.C, line 145
PASS MBMesh - regrid_search_center - hex_3d_sph, ESMC_MBMeshRegridUTest.C, line 145
PASS MBMesh - regrid_search_center - mix_2d_cart, ESMC_MBMeshRegridUTest.C, line 145
PASS MBMesh - regrid_search_center - mix_2d_cart, ESMC_MBMeshRegridUTest.C, line 145
PASS MBMesh - regrid_search_center - mix_2d_cart, ESMC_MBMeshRegridUTest.C, line 145
PASS MBMesh - regrid_search_center - mix_2d_cart, ESMC_MBMeshRegridUTest.C, line 145
PASS MBMesh - regrid_search_center - mix_2d_sph, ESMC_MBMeshRegridUTest.C, line 145
PASS MBMesh - regrid_search_center - mix_2d_sph, ESMC_MBMeshRegridUTest.C, line 145
PASS MBMesh - regrid_search_center - mix_2d_sph, ESMC_MBMeshRegridUTest.C, line 145
PASS MBMesh - regrid_search_center - mix_2d_sph, ESMC_MBMeshRegridUTest.C, line 145
PASS MBMesh - regrid_search_corner - quad_2d_cart, ESMC_MBMeshRegridUTest.C, line 145
PASS MBMesh - regrid_search_corner - quad_2d_cart, ESMC_MBMeshRegridUTest.C, line 145
PASS MBMesh - regrid_search_corner - quad_2d_cart, ESMC_MBMeshRegridUTest.C, line 145
PASS MBMesh - regrid_search_corner - quad_2d_cart, ESMC_MBMeshRegridUTest.C, line 145
PASS MBMesh - regrid_search_corner - quad_2d_sph, ESMC_MBMeshRegridUTest.C, line 145
PASS MBMesh - regrid_search_corner - quad_2d_sph, ESMC_MBMeshRegridUTest.C, line 145
PASS MBMesh - regrid_search_corner - quad_2d_sph, ESMC_MBMeshRegridUTest.C, line 145
PASS MBMesh - regrid_search_corner - quad_2d_sph, ESMC_MBMeshRegridUTest.C, line 145
PASS MBMesh - regrid_search_corner - tri_2d_cart, ESMC_MBMeshRegridUTest.C, line 145
PASS MBMesh - regrid_search_corner - tri_2d_cart, ESMC_MBMeshRegridUTest.C, line 145
PASS MBMesh - regrid_search_corner - tri_2d_cart, ESMC_MBMeshRegridUTest.C, line 145
PASS MBMesh - regrid_search_corner - tri_2d_cart, ESMC_MBMeshRegridUTest.C, line 145
PASS MBMesh - regrid_search_corner - tri_2d_sph, ESMC_MBMeshRegridUTest.C, line 145
PASS MBMesh - regrid_search_corner - tri_2d_sph, ESMC_MBMeshRegridUTest.C, line 145
PASS MBMesh - regrid_search_corner - tri_2d_sph, ESMC_MBMeshRegridUTest.C, line 145
PASS MBMesh - regrid_search_corner - tri_2d_sph, ESMC_MBMeshRegridUTest.C, line 145
PASS MBMesh - regrid_search_corner - hex_3d_cart, ESMC_MBMeshRegridUTest.C, line 145
PASS MBMesh - regrid_search_corner - hex_3d_cart, ESMC_MBMeshRegridUTest.C, line 145
PASS MBMesh - regrid_search_corner - hex_3d_cart, ESMC_MBMeshRegridUTest.C, line 145
PASS MBMesh - regrid_search_corner - hex_3d_cart, ESMC_MBMeshRegridUTest.C, line 145
PASS MBMesh - regrid_search_corner - hex_3d_sph, ESMC_MBMeshRegridUTest.C, line 145
PASS MBMesh - regrid_search_corner - hex_3d_sph, ESMC_MBMeshRegridUTest.C, line 145
PASS MBMesh - regrid_search_corner - hex_3d_sph, ESMC_MBMeshRegridUTest.C, line 145
PASS MBMesh - regrid_search_corner - hex_3d_sph, ESMC_MBMeshRegridUTest.C, line 145
PASS MBMesh - regrid_search_corner - mix_2d_cart, ESMC_MBMeshRegridUTest.C, line 145
PASS MBMesh - regrid_search_corner - mix_2d_cart, ESMC_MBMeshRegridUTest.C, line 145
PASS MBMesh - regrid_search_corner - mix_2d_cart, ESMC_MBMeshRegridUTest.C, line 145
PASS MBMesh - regrid_search_corner - mix_2d_cart, ESMC_MBMeshRegridUTest.C, line 145
PASS MBMesh - regrid_search_corner - mix_2d_sph, ESMC_MBMeshRegridUTest.C, line 145
PASS MBMesh - regrid_search_corner - mix_2d_sph, ESMC_MBMeshRegridUTest.C, line 145
PASS MBMesh - regrid_search_corner - mix_2d_sph, ESMC_MBMeshRegridUTest.C, line 145
PASS MBMesh - regrid_search_corner - mix_2d_sph, ESMC_MBMeshRegridUTest.C, line 145
PASS MBMesh - regrid_bilinear_center - quad_2d_cart, ESMC_MBMeshRegridUTest.C, line 145
PASS MBMesh - regrid_bilinear_center - quad_2d_cart, ESMC_MBMeshRegridUTest.C, line 145
PASS MBMesh - regrid_bilinear_center - quad_2d_cart, ESMC_MBMeshRegridUTest.C, line 145
PASS MBMesh - regrid_bilinear_center - quad_2d_cart, ESMC_MBMeshRegridUTest.C, line 145
PASS MBMesh - regrid_bilinear_center - quad_2d_sph, ESMC_MBMeshRegridUTest.C, line 145
PASS MBMesh - regrid_bilinear_center - quad_2d_sph, ESMC_MBMeshRegridUTest.C, line 145
PASS MBMesh - regrid_bilinear_center - quad_2d_sph, ESMC_MBMeshRegridUTest.C, line 145
PASS MBMesh - regrid_bilinear_center - quad_2d_sph, ESMC_MBMeshRegridUTest.C, line 145
PASS MBMesh - regrid_bilinear_center - tri_2d_cart, ESMC_MBMeshRegridUTest.C, line 145
PASS MBMesh - regrid_bilinear_center - tri_2d_cart, ESMC_MBMeshRegridUTest.C, line 145
PASS MBMesh - regrid_bilinear_center - tri_2d_cart, ESMC_MBMeshRegridUTest.C, line 145
PASS MBMesh - regrid_bilinear_center - tri_2d_cart, ESMC_MBMeshRegridUTest.C, line 145
PASS MBMesh - regrid_bilinear_center - tri_2d_sph, ESMC_MBMeshRegridUTest.C, line 145
PASS MBMesh - regrid_bilinear_center - tri_2d_sph, ESMC_MBMeshRegridUTest.C, line 145
PASS MBMesh - regrid_bilinear_center - tri_2d_sph, ESMC_MBMeshRegridUTest.C, line 145
PASS MBMesh - regrid_bilinear_center - tri_2d_sph, ESMC_MBMeshRegridUTest.C, line 145
PASS MBMesh - regrid_bilinear_center - hex_3d_cart, ESMC_MBMeshRegridUTest.C, line 145
PASS MBMesh - regrid_bilinear_center - hex_3d_cart, ESMC_MBMeshRegridUTest.C, line 145
PASS MBMesh - regrid_bilinear_center - hex_3d_cart, ESMC_MBMeshRegridUTest.C, line 145
PASS MBMesh - regrid_bilinear_center - hex_3d_cart, ESMC_MBMeshRegridUTest.C, line 145
PASS MBMesh - regrid_bilinear_center - hex_3d_sph, ESMC_MBMeshRegridUTest.C, line 145
PASS MBMesh - regrid_bilinear_center - hex_3d_sph, ESMC_MBMeshRegridUTest.C, line 145
PASS MBMesh - regrid_bilinear_center - hex_3d_sph, ESMC_MBMeshRegridUTest.C, line 145
PASS MBMesh - regrid_bilinear_center - hex_3d_sph, ESMC_MBMeshRegridUTest.C, line 145
PASS MBMesh - regrid_bilinear_center - mix_2d_cart, ESMC_MBMeshRegridUTest.C, line 145
PASS MBMesh - regrid_bilinear_center - mix_2d_cart, ESMC_MBMeshRegridUTest.C, line 145
PASS MBMesh - regrid_bilinear_center - mix_2d_cart, ESMC_MBMeshRegridUTest.C, line 145
PASS MBMesh - regrid_bilinear_center - mix_2d_cart, ESMC_MBMeshRegridUTest.C, line 145
PASS MBMesh - regrid_bilinear_center - mix_2d_sph, ESMC_MBMeshRegridUTest.C, line 145
PASS MBMesh - regrid_bilinear_center - mix_2d_sph, ESMC_MBMeshRegridUTest.C, line 145
PASS MBMesh - regrid_bilinear_center - mix_2d_sph, ESMC_MBMeshRegridUTest.C, line 145
PASS MBMesh - regrid_bilinear_center - mix_2d_sph, ESMC_MBMeshRegridUTest.C, line 145
PASS MBMesh - regrid_bilinear_corner - quad_2d_cart, ESMC_MBMeshRegridUTest.C, line 145
PASS MBMesh - regrid_bilinear_corner - quad_2d_cart, ESMC_MBMeshRegridUTest.C, line 145
PASS MBMesh - regrid_bilinear_corner - quad_2d_cart, ESMC_MBMeshRegridUTest.C, line 145
PASS MBMesh - regrid_bilinear_corner - quad_2d_cart, ESMC_MBMeshRegridUTest.C, line 145
PASS MBMesh - regrid_bilinear_corner - quad_2d_sph, ESMC_MBMeshRegridUTest.C, line 145
PASS MBMesh - regrid_bilinear_corner - quad_2d_sph, ESMC_MBMeshRegridUTest.C, line 145
PASS MBMesh - regrid_bilinear_corner - quad_2d_sph, ESMC_MBMeshRegridUTest.C, line 145
PASS MBMesh - regrid_bilinear_corner - quad_2d_sph, ESMC_MBMeshRegridUTest.C, line 145
PASS MBMesh - regrid_bilinear_corner - tri_2d_cart, ESMC_MBMeshRegridUTest.C, line 145
PASS MBMesh - regrid_bilinear_corner - tri_2d_cart, ESMC_MBMeshRegridUTest.C, line 145
PASS MBMesh - regrid_bilinear_corner - tri_2d_cart, ESMC_MBMeshRegridUTest.C, line 145
PASS MBMesh - regrid_bilinear_corner - tri_2d_cart, ESMC_MBMeshRegridUTest.C, line 145
PASS MBMesh - regrid_bilinear_corner - tri_2d_sph, ESMC_MBMeshRegridUTest.C, line 145
PASS MBMesh - regrid_bilinear_corner - tri_2d_sph, ESMC_MBMeshRegridUTest.C, line 145
PASS MBMesh - regrid_bilinear_corner - tri_2d_sph, ESMC_MBMeshRegridUTest.C, line 145
PASS MBMesh - regrid_bilinear_corner - tri_2d_sph, ESMC_MBMeshRegridUTest.C, line 145
PASS MBMesh - regrid_bilinear_corner - hex_3d_cart, ESMC_MBMeshRegridUTest.C, line 145
PASS MBMesh - regrid_bilinear_corner - hex_3d_cart, ESMC_MBMeshRegridUTest.C, line 145
PASS MBMesh - regrid_bilinear_corner - hex_3d_cart, ESMC_MBMeshRegridUTest.C, line 145
PASS MBMesh - regrid_bilinear_corner - hex_3d_cart, ESMC_MBMeshRegridUTest.C, line 145
PASS MBMesh - regrid_bilinear_corner - hex_3d_sph, ESMC_MBMeshRegridUTest.C, line 145
PASS MBMesh - regrid_bilinear_corner - hex_3d_sph, ESMC_MBMeshRegridUTest.C, line 145
PASS MBMesh - regrid_bilinear_corner - hex_3d_sph, ESMC_MBMeshRegridUTest.C, line 145
PASS MBMesh - regrid_bilinear_corner - hex_3d_sph, ESMC_MBMeshRegridUTest.C, line 145
PASS MBMesh - regrid_bilinear_corner - mix_2d_cart, ESMC_MBMeshRegridUTest.C, line 145
PASS MBMesh - regrid_bilinear_corner - mix_2d_cart, ESMC_MBMeshRegridUTest.C, line 145
PASS MBMesh - regrid_bilinear_corner - mix_2d_cart, ESMC_MBMeshRegridUTest.C, line 145
PASS MBMesh - regrid_bilinear_corner - mix_2d_cart, ESMC_MBMeshRegridUTest.C, line 145
PASS MBMesh - regrid_bilinear_corner - mix_2d_sph, ESMC_MBMeshRegridUTest.C, line 145
PASS MBMesh - regrid_bilinear_corner - mix_2d_sph, ESMC_MBMeshRegridUTest.C, line 145
Ending Test, file ESMC_MBMeshRegridUTest.C, line 206
Ending Test, file ESMC_MBMeshRegridUTest.C, line 206
PASS MBMesh - regrid_bilinear_corner - mix_2d_sph, ESMC_MBMeshRegridUTest.C, line 145
PASS MBMesh - regrid_bilinear_corner - mix_2d_sph, ESMC_MBMeshRegridUTest.C, line 145
Ending Test, file ESMC_MBMeshRegridUTest.C, line 206
Ending Test, file ESMC_MBMeshRegridUTest.C, line 206
 PET 0 Test Elapsed Time  142.050000 msec.
 PET 1 Test Elapsed Time  142.657000 msec.
 PET 3 Test Elapsed Time  142.526000 msec.
 PET 2 Test Elapsed Time  145.346000 msec.
