build time -- 2022-01-05 20:20:21.738556
Beginning Test, file ESMC_Proj4UTest.C, line 49
NUMBER_OF_PROCESSORS 1
PASS PROJ.4 rotated pole transform test, ESMC_Proj4UTest.C, line 119
Ending Test, file ESMC_Proj4UTest.C, line 123
 PET 0 Test Elapsed Time  0.803000 msec.
