build time -- 2021-10-26 19:43:33
[cgdm-catania:21450] *** Process received signal ***
[cgdm-catania:21450] Signal: Segmentation fault: 11 (11)
[cgdm-catania:21450] Signal code: Address not mapped (1)
[cgdm-catania:21450] Failing at address: 0x44000100
[cgdm-catania:21450] [ 0] 0   libsystem_platform.dylib            0x00007fff666f8b5d _sigtramp + 29
[cgdm-catania:21450] [ 1] 0   ???                                 0x0000000000000000 0x0 + 0
[cgdm-catania:21450] [ 2] 0   libesmf.dylib                       0x000000010d21b6b2 _ZN5ESMCI3VMK4initEib + 146
[cgdm-catania:21450] *** End of error message ***
[cgdm-catania:21451] *** Process received signal ***
[cgdm-catania:21451] Signal: Segmentation fault: 11 (11)
[cgdm-catania:21451] Signal code: Address not mapped (1)
[cgdm-catania:21451] Failing at address: 0x44000100
[cgdm-catania:21451] [ 0] 0   libsystem_platform.dylib            0x00007fff666f8b5d _sigtramp + 29
[cgdm-catania:21451] [ 1] 0   ???                                 0x0000000000000000 0x0 + 0
[cgdm-catania:21451] [ 2] 
===================================================================================
=   BAD TERMINATION OF ONE OF YOUR APPLICATION PROCESSES
=   PID 21450 RUNNING AT cgdm-catania
=   EXIT CODE: 11
=   CLEANING UP REMAINING PROCESSES
=   YOU CAN IGNORE THE BELOW CLEANUP MESSAGES
===================================================================================
YOUR APPLICATION TERMINATED WITH THE EXIT STRING: Segmentation fault: 11 (signal 11)
This typically refers to a problem with your application.
Please see the FAQ page for debugging suggestions
