build time -- 2022-02-21 03:20:10.216388
  Beginning Test, file ESMF_AttributeUpdateReconcileUTest.F90, line 383
  Beginning Test, file ESMF_AttributeUpdateReconcileUTest.F90, line 383
  NUMBER_OF_PROCESSORS           2
  NUMBER_OF_PROCESSORS           2
  PASS  PET            0 : Getting an updated Attribute value from a Component t
 est: value = doodle, ESMF_AttributeUpdateReconcileUTest.F90, line 476
  PASS  PET            1 : Getting an updated Attribute value from a Component t
 est: value = doodle, ESMF_AttributeUpdateReconcileUTest.F90, line 476
  PASS  PET            0 : Getting an updated Attribute value from a Component t
 est: value = doodle, ESMF_AttributeUpdateReconcileUTest.F90, line 491
  PASS  PET            1 : Getting an updated Attribute value from a Component t
 est: value = doodle, ESMF_AttributeUpdateReconcileUTest.F90, line 491
  Ending Test, file ESMF_AttributeUpdateReconcileUTest.F90, line 515
  Ending Test, file ESMF_AttributeUpdateReconcileUTest.F90, line 515
  PET           0  Test Elapsed Time    7.66000000000000       msec.
  PET           1  Test Elapsed Time    10.2590000000000       msec.
