build time -- 2022-01-23 06:21:14.604375
  Beginning Test, file src/Superstructure/InfoAPI/tests/ESMF_InfoDescribeUTest.F
 90, line 51
  Beginning Test, file src/Superstructure/InfoAPI/tests/ESMF_InfoDescribeUTest.F
 90, line 51
  Beginning Test, file src/Superstructure/InfoAPI/tests/ESMF_InfoDescribeUTest.F
 90, line 51
  Beginning Test, file src/Superstructure/InfoAPI/tests/ESMF_InfoDescribeUTest.F
 90, line 51
  NUMBER_OF_PROCESSORS           4
  NUMBER_OF_PROCESSORS           4
  NUMBER_OF_PROCESSORS           4
  NUMBER_OF_PROCESSORS           4
  PASS  No double initialization, src/Superstructure/InfoAPI/tests/ESMF_InfoDesc
 ribeUTest.F90, line 71
  PASS  No double initialization, src/Superstructure/InfoAPI/tests/ESMF_InfoDesc
 ribeUTest.F90, line 71
  PASS  No double initialization, src/Superstructure/InfoAPI/tests/ESMF_InfoDesc
 ribeUTest.F90, line 71
  PASS  No double initialization, src/Superstructure/InfoAPI/tests/ESMF_InfoDesc
 ribeUTest.F90, line 71
  PASS  Initialize/Destroy, src/Superstructure/InfoAPI/tests/ESMF_InfoDescribeUT
 est.F90, line 85
  PASS  Initialize/Destroy, src/Superstructure/InfoAPI/tests/ESMF_InfoDescribeUT
 est.F90, line 85
  PASS  Initialize/Destroy, src/Superstructure/InfoAPI/tests/ESMF_InfoDescribeUT
 est.F90, line 85
  PASS  Initialize/Destroy, src/Superstructure/InfoAPI/tests/ESMF_InfoDescribeUT
 est.F90, line 85
  PASS  Initialize behavior, src/Superstructure/InfoAPI/tests/ESMF_InfoDescribeU
 Test.F90, line 110
  PASS  Initialize behavior, src/Superstructure/InfoAPI/tests/ESMF_InfoDescribeU
 Test.F90, line 110
  PASS  Initialize behavior, src/Superstructure/InfoAPI/tests/ESMF_InfoDescribeU
  PASS  Initialize behavior, src/Superstructure/InfoAPI/tests/ESMF_InfoDescribeU
 Test.F90, line 110
 Test.F90, line 110
  PASS  Mesh is enabled, src/Superstructure/InfoAPI/tests/ESMF_InfoDescribeUTest
 .F90, line 146
  PASS  Mesh is enabled, src/Superstructure/InfoAPI/tests/ESMF_InfoDescribeUTest
 .F90, line 146
  PASS  Mesh is enabled, src/Superstructure/InfoAPI/tests/ESMF_InfoDescribeUTest
 .F90, line 146
  PASS  Mesh is enabled, src/Superstructure/InfoAPI/tests/ESMF_InfoDescribeUTest
 .F90, line 146
  Ending Test, file src/Superstructure/InfoAPI/tests/ESMF_InfoDescribeUTest.F90,
  line 153
  Ending Test, file src/Superstructure/InfoAPI/tests/ESMF_InfoDescribeUTest.F90,
  line 153
  Ending Test, file src/Superstructure/InfoAPI/tests/ESMF_InfoDescribeUTest.F90,
  line 153
  Ending Test, file src/Superstructure/InfoAPI/tests/ESMF_InfoDescribeUTest.F90,
  line 153
  PET           0  Test Elapsed Time    5.24300000000000       msec.
  PET           1  Test Elapsed Time    42.1840000000000       msec.
  PET           2  Test Elapsed Time    42.0420000000000       msec.
  PET           3  Test Elapsed Time    42.2000000000000       msec.
