build time -- 2021-10-29 01:05:06.500429
  Beginning Test, file src/Superstructure/InfoAPI/tests/ESMF_InfoDescribeUTest.F90, line 51
  Beginning Test, file src/Superstructure/InfoAPI/tests/ESMF_InfoDescribeUTest.F90, line 51
  NUMBER_OF_PROCESSORS           4
  PASS  No double initialization, src/Superstructure/InfoAPI/tests/ESMF_InfoDescribeUTest.F90, line 71
  Beginning Test, file src/Superstructure/InfoAPI/tests/ESMF_InfoDescribeUTest.F90, line 51
  Beginning Test, file src/Superstructure/InfoAPI/tests/ESMF_InfoDescribeUTest.F90, line 51
  NUMBER_OF_PROCESSORS           4
  PASS  No double initialization, src/Superstructure/InfoAPI/tests/ESMF_InfoDescribeUTest.F90, line 71
  PASS  Initialize/Destroy, src/Superstructure/InfoAPI/tests/ESMF_InfoDescribeUTest.F90, line 85
  NUMBER_OF_PROCESSORS           4
  PASS  No double initialization, src/Superstructure/InfoAPI/tests/ESMF_InfoDescribeUTest.F90, line 71
  PASS  Initialize/Destroy, src/Superstructure/InfoAPI/tests/ESMF_InfoDescribeUTest.F90, line 85
  PASS  Initialize/Destroy, src/Superstructure/InfoAPI/tests/ESMF_InfoDescribeUTest.F90, line 85
  NUMBER_OF_PROCESSORS           4
  PASS  No double initialization, src/Superstructure/InfoAPI/tests/ESMF_InfoDescribeUTest.F90, line 71
  PASS  Initialize behavior, src/Superstructure/InfoAPI/tests/ESMF_InfoDescribeUTest.F90, line 110
  PASS  Initialize/Destroy, src/Superstructure/InfoAPI/tests/ESMF_InfoDescribeUTest.F90, line 85
  PASS  Initialize behavior, src/Superstructure/InfoAPI/tests/ESMF_InfoDescribeUTest.F90, line 110
  PASS  Initialize behavior, src/Superstructure/InfoAPI/tests/ESMF_InfoDescribeUTest.F90, line 110
  PASS  Initialize behavior, src/Superstructure/InfoAPI/tests/ESMF_InfoDescribeUTest.F90, line 110
  PASS  Mesh is enabled, src/Superstructure/InfoAPI/tests/ESMF_InfoDescribeUTest.F90, line 146
  PASS  Mesh is enabled, src/Superstructure/InfoAPI/tests/ESMF_InfoDescribeUTest.F90, line 146
  PASS  Mesh is enabled, src/Superstructure/InfoAPI/tests/ESMF_InfoDescribeUTest.F90, line 146
  Ending Test, file src/Superstructure/InfoAPI/tests/ESMF_InfoDescribeUTest.F90, line 153
  Ending Test, file src/Superstructure/InfoAPI/tests/ESMF_InfoDescribeUTest.F90, line 153
  Ending Test, file src/Superstructure/InfoAPI/tests/ESMF_InfoDescribeUTest.F90, line 153
  PASS  Mesh is enabled, src/Superstructure/InfoAPI/tests/ESMF_InfoDescribeUTest.F90, line 146
  Ending Test, file src/Superstructure/InfoAPI/tests/ESMF_InfoDescribeUTest.F90, line 153
  PET           0  Test Elapsed Time    5.2809999999999944       msec.
  PET           1  Test Elapsed Time    10.319000000000008       msec.
  PET           2  Test Elapsed Time    8.6890000000000018       msec.
  PET           3  Test Elapsed Time    10.486999999999982       msec.
