build time -- 2021-10-28 06:19:10
  Beginning Test, file ESMF_AttributeUpdateUTest.F90, line 593
  NUMBER_OF_PROCESSORS           4
  Beginning Test, file ESMF_AttributeUpdateUTest.F90, line 593
  NUMBER_OF_PROCESSORS           4
  Beginning Test, file ESMF_AttributeUpdateUTest.F90, line 593
  NUMBER_OF_PROCESSORS           4
  Beginning Test, file ESMF_AttributeUpdateUTest.F90, line 593
  NUMBER_OF_PROCESSORS           4
  PASS  Getting an updated Attribute value from a Field test, ESMF_AttributeUpda
 teUTest.F90, line 684
  PASS  Getting an updated Attribute package Attribute value from a Field test, 
 ESMF_AttributeUpdateUTest.F90, line 695
  PASS  Getting an updated Attribute value from a Field test, ESMF_AttributeUpda
 teUTest.F90, line 684
  PASS  Getting an updated Attribute value from a Field test, ESMF_AttributeUpda
 teUTest.F90, line 684
  PASS  Getting an updated Attribute package Attribute value from Field test, ES
 MF_AttributeUpdateUTest.F90, line 704
  PASS  Getting an updated Attribute package Attribute value from a Field test, 
 ESMF_AttributeUpdateUTest.F90, line 695
  PASS  Getting an updated Attribute package Attribute value from a Field test, 
 ESMF_AttributeUpdateUTest.F90, line 695
  PASS  Getting an updated Attribute package Attribute value from Field test, ES
 MF_AttributeUpdateUTest.F90, line 704
  PASS  Getting an updated deleted Attribute value from a Field test, ESMF_Attri
 buteUpdateUTest.F90, line 712
  PASS  Getting an updated Attribute value from a Field test, ESMF_AttributeUpda
 teUTest.F90, line 684
  PASS  Getting an updated Attribute package Attribute value from Field test, ES
 MF_AttributeUpdateUTest.F90, line 704
  PASS  Getting a lone Attribute from a Field test: value = Lone Attribute, ESMF
 _AttributeUpdateUTest.F90, line 719
  PASS  Getting an updated Attribute package Attribute value from a Field test, 
 ESMF_AttributeUpdateUTest.F90, line 695
  PASS  Getting an updated deleted Attribute value from a Field test, ESMF_Attri
 buteUpdateUTest.F90, line 712
  PASS  Getting an updated deleted Attribute value from a Field test, ESMF_Attri
 buteUpdateUTest.F90, line 712
  PASS  Getting an updated Attribute package Attribute value from Field test, ES
 MF_AttributeUpdateUTest.F90, line 704
  PASS  Getting a lone Attribute from a Field test: value = Lone Attribute, ESMF
 _AttributeUpdateUTest.F90, line 719
  PASS  Getting a lone Attribute from a Field test: value = Lone Attribute, ESMF
 _AttributeUpdateUTest.F90, line 719
  Ending Test, file ESMF_AttributeUpdateUTest.F90, line 744
  Ending Test, file ESMF_AttributeUpdateUTest.F90, line 744
  PASS  Getting an updated deleted Attribute value from a Field test, ESMF_Attri
 buteUpdateUTest.F90, line 712
  Ending Test, file ESMF_AttributeUpdateUTest.F90, line 744
  PASS  Getting a lone Attribute from a Field test: value = Lone Attribute, ESMF
 _AttributeUpdateUTest.F90, line 719
  Ending Test, file ESMF_AttributeUpdateUTest.F90, line 744
  PET           2  Test Elapsed Time    21.1240000000000       msec.
  PET           3  Test Elapsed Time    21.2590000000000       msec.
  PET           1  Test Elapsed Time    21.2960000000000       msec.
  PET           0  Test Elapsed Time    21.8580000000000       msec.
TOTCPU=10:42:40 ELAP=00:20:05 REQMEM=5875Mc REQCPUS=24 ALLOCCPUS=32 TIMELIMIT=02:30:00 PART=s4 ACCT=star
MAXRSS=0 MAXVMSIZE=196896K
________________________________________________________________
Job Resource Usage Summary for 11573701

  CPU Time Used : 10:42:40
  Memory Used : 0
  Virtual Memory Used : 196896K
  Walltime Used : 00:20:05

  Memory Requested : 5875Mc (n=per node; c=per core)
  CPUs Requested / Allocated : 24 / 32
  Walltime Requested : 02:30:00

  Execution Queue : s4
  Head Node : 
  Charged to : star

  Job Stopped : Thu Oct 28 06:39:16 UTC 2021
_____________________________________________________________________

