build time -- 2022-02-20 01:38:40.669197
Beginning Test, file ESMC_BaseUTest.C, line 143
Beginning Test, file ESMC_BaseUTest.C, line 143NUMBER_OF_PROCESSORS 4
Beginning Test, file ESMC_BaseUTest.C, line 143
Beginning Test, file ESMC_BaseUTest.C, line 143NUMBER_OF_PROCESSORS 4
Beginning Test, file ESMC_BaseUTest.C, line 143
Beginning Test, file ESMC_BaseUTest.C, line 143NUMBER_OF_PROCESSORS 4
Beginning Test, file ESMC_BaseUTest.C, line 143
Beginning Test, file ESMC_BaseUTest.C, line 143NUMBER_OF_PROCESSORS 4
PASS testSerializeDeserialize, ESMC_BaseUTest.C, line 150
Ending Test, file ESMC_BaseUTest.C, line 154
PASS testSerializeDeserialize, ESMC_BaseUTest.C, line 150
Ending Test, file ESMC_BaseUTest.C, line 154
PASS testSerializeDeserialize, ESMC_BaseUTest.C, line 150
Ending Test, file ESMC_BaseUTest.C, line 154
PASS testSerializeDeserialize, ESMC_BaseUTest.C, line 150
Ending Test, file ESMC_BaseUTest.C, line 154
Ending Test, file ESMC_BaseUTest.C, line 154 PET 0 Test Elapsed Time 1.51 msec.
Ending Test, file ESMC_BaseUTest.C, line 154 PET 2 Test Elapsed Time 1.505 msec.
Ending Test, file ESMC_BaseUTest.C, line 154 PET 3 Test Elapsed Time 1.591 msec.
Ending Test, file ESMC_BaseUTest.C, line 154 PET 1 Test Elapsed Time 1.601 msec.
