build time -- 2022-01-18 23:36:06
Wed Jan 19 00:18:46 2022: [unset]:_pmi_alps_init:alps_get_placement_info returned with error -1
Wed Jan 19 00:18:46 2022: [unset]:_pmi_init:_pmi_alps_init returned -1
  Beginning Test, file ESMF_VMAccUTest.F90, line 52
  NUMBER_OF_PROCESSORS           1
  PASS  Test getting the number of accelerator devices, ESMF_VMAccUTest.F90, line 72
  Ending Test, file ESMF_VMAccUTest.F90, line 76
  PET           0  Test Elapsed Time   0.54099999999999981       msec.
