build time -- 2021-10-24 07:24:01
[1635061209.925440] [h15c55:299093:0]         mxm.c:196  MXM  WARN  The 'ulimit -s' on the system is set to 'unlimited'. This may have negative performance implications. Please set the stack size to the default value (10240) 
[1635061209.930783] [h15c55:299093:0]         mxm.c:196  MXM  WARN  The 'ulimit -s' on the system is set to 'unlimited'. This may have negative performance implications. Please set the stack size to the default value (10240) 
[1635061209.925510] [h15c55:299091:0]         mxm.c:196  MXM  WARN  The 'ulimit -s' on the system is set to 'unlimited'. This may have negative performance implications. Please set the stack size to the default value (10240) 
[1635061209.930825] [h15c55:299091:0]         mxm.c:196  MXM  WARN  The 'ulimit -s' on the system is set to 'unlimited'. This may have negative performance implications. Please set the stack size to the default value (10240) 
[1635061209.925328] [h15c55:299092:0]         mxm.c:196  MXM  WARN  The 'ulimit -s' on the system is set to 'unlimited'. This may have negative performance implications. Please set the stack size to the default value (10240) 
[1635061209.931176] [h15c55:299092:0]         mxm.c:196  MXM  WARN  The 'ulimit -s' on the system is set to 'unlimited'. This may have negative performance implications. Please set the stack size to the default value (10240) 
[1635061209.925496] [h15c55:299090:0]         mxm.c:196  MXM  WARN  The 'ulimit -s' on the system is set to 'unlimited'. This may have negative performance implications. Please set the stack size to the default value (10240) 
[1635061209.931426] [h15c55:299090:0]         mxm.c:196  MXM  WARN  The 'ulimit -s' on the system is set to 'unlimited'. This may have negative performance implications. Please set the stack size to the default value (10240) 
  Beginning Test, file ESMF_StateReconcileProxyUTest.F90, line 244
  Beginning Test, file ESMF_StateReconcileProxyUTest.F90, line 244
  NUMBER_OF_PROCESSORS           4
  Beginning Test, file ESMF_StateReconcileProxyUTest.F90, line 244
  NUMBER_OF_PROCESSORS           4
  Beginning Test, file ESMF_StateReconcileProxyUTest.F90, line 244
  NUMBER_OF_PROCESSORS           4
  NUMBER_OF_PROCESSORS           4
  PASS  Reconciling a State, ESMF_StateReconcileProxyUTest.F90, line 283
  PASS  Ensure g1 and g2 are aliases to the same Grid (proxy) Test, ESMF_StateReconcileProxyUTest.F90, line 319
  PASS  Reconciling a State, ESMF_StateReconcileProxyUTest.F90, line 283
  PASS  Ensure m1 and m2 are aliases to the same Mesh (proxy) Test, ESMF_StateReconcileProxyUTest.F90, line 336
  PASS  Ensure l1 and l2 are aliases to the same LocStream (proxy) Test, ESMF_StateReconcileProxyUTest.F90, line 353
  PASS  Ensure g1 and g2 are aliases to the same Grid (proxy) Test, ESMF_StateReconcileProxyUTest.F90, line 319
  PASS  Ensure m1 and m2 are aliases to the same Mesh (proxy) Test, ESMF_StateReconcileProxyUTest.F90, line 336
  PASS  Reconciling a State, ESMF_StateReconcileProxyUTest.F90, line 283
  PASS  Ensure l1 and l2 are aliases to the same LocStream (proxy) Test, ESMF_StateReconcileProxyUTest.F90, line 353
  PASS  Reconciling a State, ESMF_StateReconcileProxyUTest.F90, line 283
  PASS  Ensure g1 and g2 are aliases to the same Grid (proxy) Test, ESMF_StateReconcileProxyUTest.F90, line 319
  PASS  Ensure g1 and g2 are aliases to the same Grid (proxy) Test, ESMF_StateReconcileProxyUTest.F90, line 319
  PASS  Ensure m1 and m2 are aliases to the same Mesh (proxy) Test, ESMF_StateReconcileProxyUTest.F90, line 336
  PASS  Ensure m1 and m2 are aliases to the same Mesh (proxy) Test, ESMF_StateReconcileProxyUTest.F90, line 336
  PASS  Ensure l1 and l2 are aliases to the same LocStream (proxy) Test, ESMF_StateReconcileProxyUTest.F90, line 353
  PASS  Ensure l1 and l2 are aliases to the same LocStream (proxy) Test, ESMF_StateReconcileProxyUTest.F90, line 353
  PASS  Re-Reconciling a State, ESMF_StateReconcileProxyUTest.F90, line 363
  PASS  Ensure Re-Reconcile Field (proxy) persistence Test, ESMF_StateReconcileProxyUTest.F90, line 372
  PASS  Ensure Re-Reconcile FieldBundle (proxy) persistence Test, ESMF_StateReconcileProxyUTest.F90, line 381
  PASS  Re-Reconciling a State, ESMF_StateReconcileProxyUTest.F90, line 363
  PASS  Ensure Re-Reconcile Field (proxy) persistence Test, ESMF_StateReconcileProxyUTest.F90, line 372
  PASS  Ensure Re-Reconcile FieldBundle (proxy) persistence Test, ESMF_StateReconcileProxyUTest.F90, line 381
  PASS  Re-Reconciling a State, ESMF_StateReconcileProxyUTest.F90, line 363
  PASS  Ensure Re-Reconcile Field (proxy) persistence Test, ESMF_StateReconcileProxyUTest.F90, line 372
  PASS  Ensure Re-Reconcile FieldBundle (proxy) persistence Test, ESMF_StateReconcileProxyUTest.F90, line 381
  Ending Test, file ESMF_StateReconcileProxyUTest.F90, line 400
  PASS  Re-Reconciling a State, ESMF_StateReconcileProxyUTest.F90, line 363
  PASS  Ensure Re-Reconcile Field (proxy) persistence Test, ESMF_StateReconcileProxyUTest.F90, line 372
  PASS  Ensure Re-Reconcile FieldBundle (proxy) persistence Test, ESMF_StateReconcileProxyUTest.F90, line 381
  Ending Test, file ESMF_StateReconcileProxyUTest.F90, line 400
  Ending Test, file ESMF_StateReconcileProxyUTest.F90, line 400
  Ending Test, file ESMF_StateReconcileProxyUTest.F90, line 400
  PET           0  Test Elapsed Time    45.075000000000031       msec.
  PET           2  Test Elapsed Time    45.782000000000046       msec.
  PET           3  Test Elapsed Time    45.094999999999999       msec.
  PET           1  Test Elapsed Time    45.385000000000005       msec.
