build time -- 2022-01-23 00:10:35
Beginning Test, file ESMC_MeshVTKUTest.C, line 63
NUMBER_OF_PROCESSORS 6
PASS MeshCreate, ESMC_MeshVTKUTest.C, line 80
PASS MeshVTKHeader, ESMC_MeshVTKUTest.C, line 89
PASS MeshVTKHeader, ESMC_MeshVTKUTest.C, line 110
Beginning Test, file ESMC_MeshVTKUTest.C, line 63
NUMBER_OF_PROCESSORS 6
PASS MeshCreate, ESMC_MeshVTKUTest.C, line 80
Beginning Test, file ESMC_MeshVTKUTest.C, line 63
NUMBER_OF_PROCESSORS 6
PASS MeshCreate, ESMC_MeshVTKUTest.C, line 80
PASS MeshVTKHeader, ESMC_MeshVTKUTest.C, line 89
PASS MeshVTKHeader, ESMC_MeshVTKUTest.C, line 89
PASS MeshVTKHeader, ESMC_MeshVTKUTest.C, line 110
PASS MeshVTKHeader, ESMC_MeshVTKUTest.C, line 110
PASS MeshVTKBody, ESMC_MeshVTKUTest.C, line 129
PASS MeshAddNodes, ESMC_MeshVTKUTest.C, line 158
PASS MeshGetLocalNodeCount, ESMC_MeshVTKUTest.C, line 178
PASS MeshVTKBody, ESMC_MeshVTKUTest.C, line 129
Beginning Test, file ESMC_MeshVTKUTest.C, line 63
NUMBER_OF_PROCESSORS 6
Beginning Test, file ESMC_MeshVTKUTest.C, line 63
NUMBER_OF_PROCESSORS 6
PASS MeshCreate, ESMC_MeshVTKUTest.C, line 80
PASS MeshAddNodes, ESMC_MeshVTKUTest.C, line 158
PASS MeshGetLocalNodeCount, ESMC_MeshVTKUTest.C, line 178
PASS MeshCreate, ESMC_MeshVTKUTest.C, line 80
PASS MeshVTKBody, ESMC_MeshVTKUTest.C, line 129
PASS MeshAddNodes, ESMC_MeshVTKUTest.C, line 158
PASS MeshGetLocalNodeCount, ESMC_MeshVTKUTest.C, line 178
PASS MeshVTKHeader, ESMC_MeshVTKUTest.C, line 89
PASS MeshVTKHeader, ESMC_MeshVTKUTest.C, line 89
PASS MeshVTKHeader, ESMC_MeshVTKUTest.C, line 110
PASS MeshVTKHeader, ESMC_MeshVTKUTest.C, line 110
PASS MeshVTKBody, ESMC_MeshVTKUTest.C, line 129
PASS MeshAddNodes, ESMC_MeshVTKUTest.C, line 158
PASS MeshGetLocalNodeCount, ESMC_MeshVTKUTest.C, line 178
PASS MeshVTKBody, ESMC_MeshVTKUTest.C, line 129
PASS MeshAddNodes, ESMC_MeshVTKUTest.C, line 158
PASS MeshGetLocalNodeCount, ESMC_MeshVTKUTest.C, line 178
Beginning Test, file ESMC_MeshVTKUTest.C, line 63
NUMBER_OF_PROCESSORS 6
PASS MeshCreate, ESMC_MeshVTKUTest.C, line 80
PASS MeshVTKHeader, ESMC_MeshVTKUTest.C, line 89
PASS MeshVTKHeader, ESMC_MeshVTKUTest.C, line 110
PASS MeshVTKBody, ESMC_MeshVTKUTest.C, line 129
PASS MeshAddNodes, ESMC_MeshVTKUTest.C, line 158
PASS MeshGetLocalNodeCount, ESMC_MeshVTKUTest.C, line 178
PASS MeshAddElements, ESMC_MeshVTKUTest.C, line 187
PASS MeshGetLocalElementCount, ESMC_MeshVTKUTest.C, line 207
PASS MeshAddElements, ESMC_MeshVTKUTest.C, line 187
PASS MeshGetLocalElementCount, ESMC_MeshVTKUTest.C, line 207
PASS MeshGetOwnedElementCount, ESMC_MeshVTKUTest.C, line 228
PASS MeshAddElements, ESMC_MeshVTKUTest.C, line 187
PASS MeshGetLocalElementCount, ESMC_MeshVTKUTest.C, line 207
PASS MeshGetOwnedElementCount, ESMC_MeshVTKUTest.C, line 228
PASS MeshGetOwnedElementCount, ESMC_MeshVTKUTest.C, line 228
PASS MeshGetOwnedNodeCount, ESMC_MeshVTKUTest.C, line 249
PASS MeshGetOwnedNodeCount, ESMC_MeshVTKUTest.C, line 249
PASS MeshGetOwnedNodeCount, ESMC_MeshVTKUTest.C, line 249
PASS MeshAddElements, ESMC_MeshVTKUTest.C, line 187
PASS MeshGetLocalElementCount, ESMC_MeshVTKUTest.C, line 207
PASS MeshAddElements, ESMC_MeshVTKUTest.C, line 187
PASS MeshGetLocalElementCount, ESMC_MeshVTKUTest.C, line 207
PASS MeshAddElements, ESMC_MeshVTKUTest.C, line 187
PASS MeshGetLocalElementCount, ESMC_MeshVTKUTest.C, line 207
PASS MeshGetOwnedElementCount, ESMC_MeshVTKUTest.C, line 228
PASS MeshGetOwnedElementCount, ESMC_MeshVTKUTest.C, line 228
PASS MeshGetOwnedElementCount, ESMC_MeshVTKUTest.C, line 228
PASS MeshGetOwnedNodeCount, ESMC_MeshVTKUTest.C, line 249
PASS MeshGetOwnedNodeCount, ESMC_MeshVTKUTest.C, line 249
PASS MeshGetOwnedNodeCount, ESMC_MeshVTKUTest.C, line 249
PASS MeshWrite, ESMC_MeshVTKUTest.C, line 269
PASS MeshFreeMemory, ESMC_MeshVTKUTest.C, line 279
PASS MeshDestroy, ESMC_MeshVTKUTest.C, line 288
Ending Test, file ESMC_MeshVTKUTest.C, line 301
PASS MeshWrite, ESMC_MeshVTKUTest.C, line 269
PASS MeshFreeMemory, ESMC_MeshVTKUTest.C, line 279
PASS MeshDestroy, ESMC_MeshVTKUTest.C, line 288
Ending Test, file ESMC_MeshVTKUTest.C, line 301
PASS MeshWrite, ESMC_MeshVTKUTest.C, line 269
PASS MeshFreeMemory, ESMC_MeshVTKUTest.C, line 279
PASS MeshDestroy, ESMC_MeshVTKUTest.C, line 288
Ending Test, file ESMC_MeshVTKUTest.C, line 301
PASS MeshWrite, ESMC_MeshVTKUTest.C, line 269
PASS MeshFreeMemory, ESMC_MeshVTKUTest.C, line 279
PASS MeshDestroy, ESMC_MeshVTKUTest.C, line 288
Ending Test, file ESMC_MeshVTKUTest.C, line 301
PASS MeshWrite, ESMC_MeshVTKUTest.C, line 269
PASS MeshFreeMemory, ESMC_MeshVTKUTest.C, line 279
PASS MeshDestroy, ESMC_MeshVTKUTest.C, line 288
Ending Test, file ESMC_MeshVTKUTest.C, line 301
PASS MeshWrite, ESMC_MeshVTKUTest.C, line 269
PASS MeshFreeMemory, ESMC_MeshVTKUTest.C, line 279
PASS MeshDestroy, ESMC_MeshVTKUTest.C, line 288
Ending Test, file ESMC_MeshVTKUTest.C, line 301
 PET 4 Test Elapsed Time  218.217000 msec.
 PET 2 Test Elapsed Time  212.224000 msec.
 PET 3 Test Elapsed Time  201.257000 msec.
 PET 1 Test Elapsed Time  183.687000 msec.
 PET 5 Test Elapsed Time  213.363000 msec.
 PET 0 Test Elapsed Time  201.349000 msec.
