build time -- 2021-11-15 17:15:01
Beginning Test, file ESMC_LogErrUTest.C, line 43
NUMBER_OF_PROCESSORS 4
PASS Set Log to flush after every message, ESMC_LogErrUTest.C, line 54
PASS Set Log to flush after every tenth message, ESMC_LogErrUTest.C, line 63
PASS Write a Log Message, ESMC_LogErrUTest.C, line 71
Ending Test, file ESMC_LogErrUTest.C, line 75
Beginning Test, file ESMC_LogErrUTest.C, line 43
NUMBER_OF_PROCESSORS 4
PASS Set Log to flush after every message, ESMC_LogErrUTest.C, line 54
PASS Set Log to flush after every tenth message, ESMC_LogErrUTest.C, line 63
PASS Write a Log Message, ESMC_LogErrUTest.C, line 71
Beginning Test, file ESMC_LogErrUTest.C, line 43
NUMBER_OF_PROCESSORS 4
Ending Test, file ESMC_LogErrUTest.C, line 75
PASS Set Log to flush after every message, ESMC_LogErrUTest.C, line 54
PASS Set Log to flush after every tenth message, ESMC_LogErrUTest.C, line 63
PASS Write a Log Message, ESMC_LogErrUTest.C, line 71
Ending Test, file ESMC_LogErrUTest.C, line 75
Beginning Test, file ESMC_LogErrUTest.C, line 43
NUMBER_OF_PROCESSORS 4
PASS Set Log to flush after every message, ESMC_LogErrUTest.C, line 54
PASS Set Log to flush after every tenth message, ESMC_LogErrUTest.C, line 63
PASS Write a Log Message, ESMC_LogErrUTest.C, line 71
Ending Test, file ESMC_LogErrUTest.C, line 75
 PET 2 Test Elapsed Time  0.834000 msec.
 PET 3 Test Elapsed Time  91.413000 msec.
 PET 1 Test Elapsed Time  91.435000 msec.
 PET 0 Test Elapsed Time  92.049000 msec.
