build time -- 2021-10-25 03:52:40.106705
Beginning Test, file ESMC_Proj4UTest.C, line 49
NUMBER_OF_PROCESSORS 1
PASS PROJ.4 rotated pole transform test, ESMC_Proj4UTest.C, line 119
Ending Test, file ESMC_Proj4UTest.C, line 123
 PET 0 Test Elapsed Time  44.951000 msec.
