build time -- 2021-11-01 01:09:30.406455
  Beginning Test, file ESMF_InfoGetInterfaceArrayUTest.F90, line 61
  Beginning Test, file ESMF_InfoGetInterfaceArrayUTest.F90, line 61
  Beginning Test, file ESMF_InfoGetInterfaceArrayUTest.F90, line 61
  NUMBER_OF_PROCESSORS           4
  Beginning Test, file ESMF_InfoGetInterfaceArrayUTest.F90, line 61
  NUMBER_OF_PROCESSORS           4
  NUMBER_OF_PROCESSORS           4
  NUMBER_OF_PROCESSORS           4
  PASS  Get and manipulate an Array attribute, ESMF_InfoGetInterfaceArrayUTest.F
 90, line 117
  PASS  Deleting a host object and using a handle/view, ESMF_InfoGetInterfaceArr
 ayUTest.F90, line 142
  Ending Test, file ESMF_InfoGetInterfaceArrayUTest.F90, line 149
  PASS  Get and manipulate an Array attribute, ESMF_InfoGetInterfaceArrayUTest.F
 90, line 117
  PASS  Get and manipulate an Array attribute, ESMF_InfoGetInterfaceArrayUTest.F
 90, line 117
  PASS  Deleting a host object and using a handle/view, ESMF_InfoGetInterfaceArr
 ayUTest.F90, line 142
  Ending Test, file ESMF_InfoGetInterfaceArrayUTest.F90, line 149
  PASS  Deleting a host object and using a handle/view, ESMF_InfoGetInterfaceArr
 ayUTest.F90, line 142
  Ending Test, file ESMF_InfoGetInterfaceArrayUTest.F90, line 149
  PASS  Get and manipulate an Array attribute, ESMF_InfoGetInterfaceArrayUTest.F
 90, line 117
  PASS  Deleting a host object and using a handle/view, ESMF_InfoGetInterfaceArr
 ayUTest.F90, line 142
  Ending Test, file ESMF_InfoGetInterfaceArrayUTest.F90, line 149
  PET           1  Test Elapsed Time    16.3760000000000       msec.
  PET           3  Test Elapsed Time    24.9240000000000       msec.
  PET           0  Test Elapsed Time    21.6500000000000       msec.
  PET           2  Test Elapsed Time    21.4800000000000       msec.
