build time -- 2021-10-27 03:46:46.308105
  Beginning Test, file ESMF_VMBarrierUTest.F90, line 66
  Beginning Test, file ESMF_VMBarrierUTest.F90, line 66
  NUMBER_OF_PROCESSORS           4
  Beginning Test, file ESMF_VMBarrierUTest.F90, line 66
  Beginning Test, file ESMF_VMBarrierUTest.F90, line 66
  NUMBER_OF_PROCESSORS           4
  NUMBER_OF_PROCESSORS           4
  NUMBER_OF_PROCESSORS           4
 timing precision is:    1.7099999999933141E-007
 max timing precision is:    1.8399999999986136E-007
 timing precision is:    1.5499999999994685E-007
 max timing precision is:    1.8399999999986136E-007
 timing precision is:    1.5499999999994685E-007
 max timing precision is:    1.8399999999986136E-007
 timing precision is:    1.8399999999986136E-007
 max timing precision is:    1.8399999999986136E-007
  PASS  Timer Precision test, ESMF_VMBarrierUTest.F90, line 87
  PASS  Timer Precision test, ESMF_VMBarrierUTest.F90, line 87
  PASS  Timer Precision test, ESMF_VMBarrierUTest.F90, line 87
  PASS  Timer Precision test, ESMF_VMBarrierUTest.F90, line 87
 slow Pet=           0 Pet=           1 time delay =    1.0000374169999999      [  -- should be >=    1.0000000000000000      --  ]
 slow Pet=           0 Pet=           0 time delay =    1.0000331640000000      [  -- should be >=    1.0000000000000000      --  ]
 slow Pet=           0 Pet=           3 time delay =    1.0000385039999999      [  -- should be >=    1.0000000000000000      --  ]
 slow Pet=           0 Pet=           2 time delay =    1.0000170069999998      [  -- should be >=    1.0000000000000000      --  ]
 slow Pet=           1 Pet=           3 time delay =    1.0000289570000001      [  -- should be >=    1.0000000000000000      --  ]
 slow Pet=           1 Pet=           1 time delay =    1.0000280259999998      [  -- should be >=    1.0000000000000000      --  ]
 slow Pet=           1 Pet=           0 time delay =    1.0000207859999999      [  -- should be >=    1.0000000000000000      --  ]
 slow Pet=           1 Pet=           2 time delay =    1.0000212020000001      [  -- should be >=    1.0000000000000000      --  ]
 slow Pet=           2 Pet=           0 time delay =    1.0000461509999998      [  -- should be >=    1.0000000000000000      --  ]
 slow Pet=           2 Pet=           3 time delay =    1.0000359459999997      [  -- should be >=    1.0000000000000000      --  ]
 slow Pet=           2 Pet=           1 time delay =    1.0000361130000002      [  -- should be >=    1.0000000000000000      --  ]
 slow Pet=           2 Pet=           2 time delay =    1.0000392769999999      [  -- should be >=    1.0000000000000000      --  ]
 slow Pet=           3 Pet=           1 time delay =    1.0000193500000001      [  -- should be >=    1.0000000000000000      --  ]
  PASS  Barrier Test, ESMF_VMBarrierUTest.F90, line 122
 slow Pet=           3 Pet=           0 time delay =    1.0000110809999998      [  -- should be >=    1.0000000000000000      --  ]
  PASS  Barrier Test, ESMF_VMBarrierUTest.F90, line 122
 slow Pet=           3 Pet=           3 time delay =    1.0000176880000002      [  -- should be >=    1.0000000000000000      --  ]
  PASS  Barrier Test, ESMF_VMBarrierUTest.F90, line 122
 slow Pet=           3 Pet=           2 time delay =    1.0000113570000004      [  -- should be >=    1.0000000000000000      --  ]
  PASS  Barrier Test, ESMF_VMBarrierUTest.F90, line 122
  Ending Test, file ESMF_VMBarrierUTest.F90, line 124
  Ending Test, file ESMF_VMBarrierUTest.F90, line 124
  Ending Test, file ESMF_VMBarrierUTest.F90, line 124
  Ending Test, file ESMF_VMBarrierUTest.F90, line 124
  PET           1  Test Elapsed Time    4004.1589999999997       msec.
  PET           3  Test Elapsed Time    4003.8890000000001       msec.
  PET           2  Test Elapsed Time    4004.2880000000000       msec.
  PET           0  Test Elapsed Time    4004.2789999999995       msec.
