build time -- 2021-10-29 03:47:32.430357
  Beginning Test, file ESMF_FieldLSSMMUTest.F90, line 58
  NUMBER_OF_PROCESSORS           4
  Beginning Test, file ESMF_FieldLSSMMUTest.F90, line 58
  NUMBER_OF_PROCESSORS           4
  Beginning Test, file ESMF_FieldLSSMMUTest.F90, line 58
  NUMBER_OF_PROCESSORS           4
  Beginning Test, file ESMF_FieldLSSMMUTest.F90, line 58
  NUMBER_OF_PROCESSORS           4
  PASS  FieldLSSMM test using lpe for both src and dst, with halos, ESMF_FieldLSSMMUTest.F90, line 72
  PASS  FieldLSSMM test using lpe for both src and dst, with halos, ESMF_FieldLSSMMUTest.F90, line 72
  PASS  FieldLSSMM test using lpe for both src and dst, with halos, ESMF_FieldLSSMMUTest.F90, line 72
  PASS  FieldLSSMM test using lpe for both src and dst, with halos, ESMF_FieldLSSMMUTest.F90, line 72
  Ending Test, file ESMF_FieldLSSMMUTest.F90, line 75
  Ending Test, file ESMF_FieldLSSMMUTest.F90, line 75
  Ending Test, file ESMF_FieldLSSMMUTest.F90, line 75
  Ending Test, file ESMF_FieldLSSMMUTest.F90, line 75
  PET           3  Test Elapsed Time    5.6309999999999967       msec.
  PET           1  Test Elapsed Time    5.8679999999999843       msec.
  PET           2  Test Elapsed Time    5.7679999999999954       msec.
  PET           0  Test Elapsed Time    5.7139999999999969       msec.
