build time -- 2021-10-25 09:19:41
  Beginning Test, file ESMF_FieldStressUTest.F90, line 51
  NUMBER_OF_PROCESSORS           1
  PASS  Create a simple Field, repeat 10 times, ESMF_FieldStressUTest.F90, line 61
  PASS  Create a simple Field, repeat 100 times, ESMF_FieldStressUTest.F90, line 69
  PASS  Create a simple Field, repeat 1000 times, ESMF_FieldStressUTest.F90, line 77
  PASS  Create a simple Field, repeat 10000 times, ESMF_FieldStressUTest.F90, line 85
  Ending Test, file ESMF_FieldStressUTest.F90, line 88
  PET           0  Test Elapsed Time    10076.584999999999       msec.
